Component: Arm Compiler for Embedded 6.19 Tool: armlink [5e73cb00]

==============================================================================

Section Cross References

    startup_stm32f429xx.o(STACK) refers (Special) to heapauxi.o(.text) for __use_two_region_memory
    startup_stm32f429xx.o(HEAP) refers (Special) to heapauxi.o(.text) for __use_two_region_memory
    startup_stm32f429xx.o(RESET) refers (Special) to heapauxi.o(.text) for __use_two_region_memory
    startup_stm32f429xx.o(RESET) refers to startup_stm32f429xx.o(STACK) for __initial_sp
    startup_stm32f429xx.o(RESET) refers to startup_stm32f429xx.o(.text) for Reset_Handler
    startup_stm32f429xx.o(RESET) refers to stm32f4xx_it.o(.text.NMI_Handler) for NMI_Handler
    startup_stm32f429xx.o(RESET) refers to stm32f4xx_it.o(.text.HardFault_Handler) for HardFault_Handler
    startup_stm32f429xx.o(RESET) refers to stm32f4xx_it.o(.text.MemManage_Handler) for MemManage_Handler
    startup_stm32f429xx.o(RESET) refers to stm32f4xx_it.o(.text.BusFault_Handler) for BusFault_Handler
    startup_stm32f429xx.o(RESET) refers to stm32f4xx_it.o(.text.UsageFault_Handler) for UsageFault_Handler
    startup_stm32f429xx.o(RESET) refers to port.o(.text.SVC_Handler) for SVC_Handler
    startup_stm32f429xx.o(RESET) refers to stm32f4xx_it.o(.text.DebugMon_Handler) for DebugMon_Handler
    startup_stm32f429xx.o(RESET) refers to port.o(.text.PendSV_Handler) for PendSV_Handler
    startup_stm32f429xx.o(RESET) refers to stm32f4xx_it.o(.text.SysTick_Handler) for SysTick_Handler
    startup_stm32f429xx.o(.text) refers (Special) to heapauxi.o(.text) for __use_two_region_memory
    startup_stm32f429xx.o(.text) refers to system_stm32f4xx.o(.text.SystemInit) for SystemInit
    startup_stm32f429xx.o(.text) refers to __main.o(!!!main) for __main
    startup_stm32f429xx.o(.text) refers to startup_stm32f429xx.o(HEAP) for Heap_Mem
    startup_stm32f429xx.o(.text) refers to startup_stm32f429xx.o(STACK) for Stack_Mem
    oled_rtos_task.o(.text) refers (Special) to _printf_percent.o(.ARM.Collect$$_printf_percent$$00000000) for _printf_percent
    oled_rtos_task.o(.text) refers (Special) to _printf_pad.o(.text) for _printf_pre_padding
    oled_rtos_task.o(.text) refers (Special) to _printf_x.o(.ARM.Collect$$_printf_percent$$0000000C) for _printf_x
    oled_rtos_task.o(.text) refers (Special) to _printf_hex_int.o(.text) for _printf_longlong_hex
    oled_rtos_task.o(.text.OLED_Task_Init) refers (Special) to _printf_percent.o(.ARM.Collect$$_printf_percent$$00000000) for _printf_percent
    oled_rtos_task.o(.text.OLED_Task_Init) refers (Special) to _printf_pad.o(.text) for _printf_pre_padding
    oled_rtos_task.o(.text.OLED_Task_Init) refers (Special) to _printf_x.o(.ARM.Collect$$_printf_percent$$0000000C) for _printf_x
    oled_rtos_task.o(.text.OLED_Task_Init) refers (Special) to _printf_hex_int.o(.text) for _printf_longlong_hex
    oled_rtos_task.o(.text.OLED_Task_Init) refers to cmsis_os2.o(.text.osMessageQueueNew) for osMessageQueueNew
    oled_rtos_task.o(.text.OLED_Task_Init) refers to oled_rtos_task.o(.bss.display_rc522_info_queue) for display_rc522_info_queue
    oled_rtos_task.o(.text.OLED_Task_Init) refers to strlen.o(.text) for strlen
    oled_rtos_task.o(.text.OLED_Task_Init) refers to usart.o(.bss.huart3) for huart3
    oled_rtos_task.o(.text.OLED_Task_Init) refers to stm32f4xx_hal_uart.o(.text.HAL_UART_Transmit) for HAL_UART_Transmit
    oled_rtos_task.o(.text.OLED_Task_Init) refers to main.o(.text.Error_Handler) for Error_Handler
    oled_rtos_task.o(.text.OLED_Task_Init) refers to oled_rtos_task.o(.text.OLED_Display_Task) for OLED_Display_Task
    oled_rtos_task.o(.text.OLED_Task_Init) refers to cmsis_os2.o(.text.osThreadNew) for osThreadNew
    oled_rtos_task.o(.text.OLED_Task_Init) refers to oled_rtos_task.o(.bss.oled_task_handle) for oled_task_handle
    oled_rtos_task.o(.text.OLED_Task_Init) refers to oled_rtos_task.o(.rodata.str1.1) for [Anonymous Symbol]
    oled_rtos_task.o(.ARM.exidx.text.OLED_Task_Init) refers (Special) to _printf_percent.o(.ARM.Collect$$_printf_percent$$00000000) for _printf_percent
    oled_rtos_task.o(.ARM.exidx.text.OLED_Task_Init) refers (Special) to _printf_pad.o(.text) for _printf_pre_padding
    oled_rtos_task.o(.ARM.exidx.text.OLED_Task_Init) refers (Special) to _printf_x.o(.ARM.Collect$$_printf_percent$$0000000C) for _printf_x
    oled_rtos_task.o(.ARM.exidx.text.OLED_Task_Init) refers (Special) to _printf_hex_int.o(.text) for _printf_longlong_hex
    oled_rtos_task.o(.ARM.exidx.text.OLED_Task_Init) refers to oled_rtos_task.o(.text.OLED_Task_Init) for [Anonymous Symbol]
    oled_rtos_task.o(.text.OLED_Display_Task) refers (Special) to _printf_percent.o(.ARM.Collect$$_printf_percent$$00000000) for _printf_percent
    oled_rtos_task.o(.text.OLED_Display_Task) refers (Special) to _printf_pad.o(.text) for _printf_pre_padding
[...]
    xTickCount                               0x20004f68   Data           4  tasks.o(.bss.xTickCount)
    [Anonymous Symbol]                       0x20004f68   Section        0  tasks.o(.bss.xTickCount)
    xTimerQueue                              0x20004f6c   Data           4  timers.o(.bss.xTimerQueue)
    [Anonymous Symbol]                       0x20004f6c   Section        0  timers.o(.bss.xTimerQueue)
    xTimerTaskHandle                         0x20004f70   Data           4  timers.o(.bss.xTimerTaskHandle)
    [Anonymous Symbol]                       0x20004f70   Section        0  timers.o(.bss.xTimerTaskHandle)
    xYieldPending                            0x20004f74   Data           4  tasks.o(.bss.xYieldPending)
    [Anonymous Symbol]                       0x20004f74   Section        0  tasks.o(.bss.xYieldPending)
    Heap_Mem                                 0x20004f78   Data         512  startup_stm32f429xx.o(HEAP)
    HEAP                                     0x20004f78   Section      512  startup_stm32f429xx.o(HEAP)
    Stack_Mem                                0x20005178   Data        1024  startup_stm32f429xx.o(STACK)
    STACK                                    0x20005178   Section     1024  startup_stm32f429xx.o(STACK)
    __initial_sp                             0x20005578   Data           0  startup_stm32f429xx.o(STACK)

    Global Symbols

    Symbol Name                              Value     Ov Type        Size  Object(Section)

    BuildAttributes$$THM_ISAv4$E$P$D$K$B$S$7EM$VFPi3$EXTD16$VFPS$VFMA$PE$A:L22UL41UL21$X:L11$S22US41US21$IEEE1$IW$~IW$USESV6$~STKCKD$USESV7$~SHL$OTIME$ROPI$EBA8$UX$STANDARDLIB$REQ8$PRES8$EABIv2 0x00000000   Number         0  anon$$obj.o ABSOLUTE
    _printf_flags                            0x00000000   Number         0  printf_stubs.o ABSOLUTE
    _printf_return_value                     0x00000000   Number         0  printf_stubs.o ABSOLUTE
    _printf_sizespec                         0x00000000   Number         0  printf_stubs.o ABSOLUTE
    _printf_widthprec                        0x00000000   Number         0  printf_stubs.o ABSOLUTE
    __ARM_exceptions_init                     - Undefined Weak Reference
    __alloca_initialize                       - Undefined Weak Reference
    __arm_preinit_                            - Undefined Weak Reference
    __arm_relocate_pie_                       - Undefined Weak Reference
    __cpp_initialize__aeabi_                  - Undefined Weak Reference
    __cxa_finalize                            - Undefined Weak Reference
    __rt_locale                               - Undefined Weak Reference
    __sigvec_lookup                           - Undefined Weak Reference
    _atexit_init                              - Undefined Weak Reference
    _call_atexit_fns                          - Undefined Weak Reference
    _clock_init                               - Undefined Weak Reference
    _fp_trap_init                             - Undefined Weak Reference
    _fp_trap_shutdown                         - Undefined Weak Reference
    _get_lc_collate                           - Undefined Weak Reference
    _get_lc_ctype                             - Undefined Weak Reference
    _get_lc_monetary                          - Undefined Weak Reference
    _get_lc_numeric                           - Undefined Weak Reference
    _get_lc_time                              - Undefined Weak Reference
    _getenv_init                              - Undefined Weak Reference
    _handle_redirection                       - Undefined Weak Reference
    _init_alloc                               - Undefined Weak Reference
    _init_user_alloc                          - Undefined Weak Reference
    _initio                                   - Undefined Weak Reference
    _printf_truncate_signed                   - Undefined Weak Reference
    _printf_truncate_unsigned                 - Undefined Weak Reference
    _rand_init                                - Undefined Weak Reference
    _signal_finish                            - Undefined Weak Reference
    _signal_init                              - Undefined Weak Reference
    _terminate_alloc                          - Undefined Weak Reference
    _terminate_user_alloc                     - Undefined Weak Reference
    _terminateio                              - Undefined Weak Reference
    __Vectors_Size                           0x000001ac   Number         0  startup_stm32f429xx.o ABSOLUTE
    __Vectors                                0x08000000   Data           4  startup_stm32f429xx.o(RESET)
    __Vectors_End                            0x080001ac   Data           0  startup_stm32f429xx.o(RESET)
    __main                                   0x080001ad   Thumb Code     8  __main.o(!!!main)
    __scatterload                            0x080001b5   Thumb Code     0  __scatter.o(!!!scatter)
    __scatterload_rt2                        0x080001b5   Thumb Code    44  __scatter.o(!!!scatter)
    __scatterload_rt2_thumb_only             0x080001b5   Thumb Code     0  __scatter.o(!!!scatter)
    __scatterload_null                       0x080001c3   Thumb Code     0  __scatter.o(!!!scatter)
    __scatterload_copy                       0x080001e9   Thumb Code    26  __scatter_copy.o(!!handler_copy)
    __scatterload_zeroinit                   0x08000205   Thumb Code    28  __scatter_zi.o(!!handler_zi)
    _printf_d                                0x08000221   Thumb Code     0  _printf_d.o(.ARM.Collect$$_printf_percent$$00000009)
    _printf_percent                          0x08000221   Thumb Code     0  _printf_percent.o(.ARM.Collect$$_printf_percent$$00000000)
    _printf_x                                0x08000227   Thumb Code     0  _printf_x.o(.ARM.Collect$$_printf_percent$$0000000C)
    _printf_percent_end                      0x0800022d   Thumb Code     0  _printf_percent_end.o(.ARM.Collect$$_printf_percent$$00000017)
    __rt_lib_init                            0x08000231   Thumb Code     0  libinit.o(.ARM.Collect$$libinit$$00000000)
    __rt_lib_init_fp_1                       0x08000233   Thumb Code     0  libinit2.o(.ARM.Collect$$libinit$$00000001)
    __rt_lib_init_alloca_1                   0x08000237   Thumb Code     0  libinit2.o(.ARM.Collect$$libinit$$00000030)
    __rt_lib_init_argv_1                     0x08000237   Thumb Code     0  libinit2.o(.ARM.Collect$$libinit$$0000002E)
    __rt_lib_init_atexit_1                   0x08000237   Thumb Code     0  libinit2.o(.ARM.Collect$$libinit$$0000001D)
    __rt_lib_init_clock_1                    0x08000237   Thumb Code     0  libinit2.o(.ARM.Collect$$libinit$$00000023)
    __rt_lib_init_cpp_1                      0x08000237   Thumb Code     0  libinit2.o(.ARM.Collect$$libinit$$00000034)
    __rt_lib_init_exceptions_1               0x08000237   Thumb Code     0  libinit2.o(.ARM.Collect$$libinit$$00000032)
    __rt_lib_init_fp_trap_1                  0x08000237   Thumb Code     0  libinit2.o(.ARM.Collect$$libinit$$00000021)
    __rt_lib_init_getenv_1                   0x08000237   Thumb Code     0  libinit2.o(.ARM.Collect$$libinit$$00000025)
    __rt_lib_init_heap_1                     0x08000237   Thumb Code     0  libinit2.o(.ARM.Collect$$libinit$$0000000C)
    __rt_lib_init_lc_collate_1               0x08000237   Thumb Code     0  libinit2.o(.ARM.Collect$$libinit$$00000013)
    __rt_lib_init_lc_ctype_1                 0x08000237   Thumb Code     0  libinit2.o(.ARM.Collect$$libinit$$00000015)
    __rt_lib_init_lc_monetary_1              0x08000237   Thumb Code     0  libinit2.o(.ARM.Collect$$libinit$$00000017)
    __rt_lib_init_lc_numeric_1               0x08000237   Thumb Code     0  libinit2.o(.ARM.Collect$$libinit$$00000019)
    __rt_lib_init_lc_time_1                  0x08000237   Thumb Code     0  libinit2.o(.ARM.Collect$$libinit$$0000001B)
    __rt_lib_init_preinit_1                  0x08000237   Thumb Code     0  libinit2.o(.ARM.Collect$$libinit$$00000006)
    __rt_lib_init_rand_1                     0x08000237   Thumb Code     0  libinit2.o(.ARM.Collect$$libinit$$00000010)
    __rt_lib_init_relocate_pie_1             0x08000237   Thumb Code     0  libinit2.o(.ARM.Collect$$libinit$$00000004)
    __rt_lib_init_return                     0x08000237   Thumb Code     0  libinit2.o(.ARM.Collect$$libinit$$00000035)
    __rt_lib_init_signal_1                   0x08000237   Thumb Code     0  libinit2.o(.ARM.Collect$$libinit$$0000001F)
    __rt_lib_init_stdio_1                    0x08000237   Thumb Code     0  libinit2.o(.ARM.Collect$$libinit$$00000027)
    __rt_lib_init_user_alloc_1               0x08000237   Thumb Code     0  libinit2.o(.ARM.Collect$$libinit$$0000000E)
    __rt_lib_shutdown                        0x08000239   Thumb Code     0  libshutdown.o(.ARM.Collect$$libshutdown$$00000000)
    __rt_lib_shutdown_cpp_1                  0x0800023b   Thumb Code     0  libshutdown2.o(.ARM.Collect$$libshutdown$$00000002)
    __rt_lib_shutdown_fp_trap_1              0x0800023b   Thumb Code     0  libshutdown2.o(.ARM.Collect$$libshutdown$$00000007)
    __rt_lib_shutdown_heap_1                 0x0800023b   Thumb Code     0  libshutdown2.o(.ARM.Collect$$libshutdown$$0000000F)
    __rt_lib_shutdown_return                 0x0800023b   Thumb Code     0  libshutdown2.o(.ARM.Collect$$libshutdown$$00000010)
    __rt_lib_shutdown_signal_1               0x0800023b   Thumb Code     0  libshutdown2.o(.ARM.Collect$$libshutdown$$0000000A)
    __rt_lib_shutdown_stdio_1                0x0800023b   Thumb Code     0  libshutdown2.o(.ARM.Collect$$libshutdown$$00000004)
    __rt_lib_shutdown_user_alloc_1           0x0800023b   Thumb Code     0  libshutdown2.o(.ARM.Collect$$libshutdown$$0000000C)
    __rt_entry                               0x0800023d   Thumb Code     0  __rtentry.o(.ARM.Collect$$rtentry$$00000000)
    __rt_entry_presh_1                       0x0800023d   Thumb Code     0  __rtentry2.o(.ARM.Collect$$rtentry$$00000002)
    __rt_entry_sh                            0x0800023d   Thumb Code     0  __rtentry4.o(.ARM.Collect$$rtentry$$00000004)
    __rt_entry_li                            0x08000243   Thumb Code     0  __rtentry2.o(.ARM.Collect$$rtentry$$0000000A)
    __rt_entry_postsh_1                      0x08000243   Thumb Code     0  __rtentry2.o(.ARM.Collect$$rtentry$$00000009)
    __rt_entry_main                          0x08000247   Thumb Code     0  __rtentry2.o(.ARM.Collect$$rtentry$$0000000D)
    __rt_entry_postli_1                      0x08000247   Thumb Code     0  __rtentry2.o(.ARM.Collect$$rtentry$$0000000C)
    __rt_exit                                0x0800024f   Thumb Code     0  rtexit.o(.ARM.Collect$$rtexit$$00000000)
    __rt_exit_ls                             0x08000251   Thumb Code     0  rtexit2.o(.ARM.Collect$$rtexit$$00000003)
    __rt_exit_prels_1                        0x08000251   Thumb Code     0  rtexit2.o(.ARM.Collect$$rtexit$$00000002)
    __rt_exit_exit                           0x08000255   Thumb Code     0  rtexit2.o(.ARM.Collect$$rtexit$$00000004)
    Reset_Handler                            0x0800025d   Thumb Code     8  startup_stm32f429xx.o(.text)
    ADC_IRQHandler                           0x08000277   Thumb Code     0  startup_stm32f429xx.o(.text)
    CAN1_RX0_IRQHandler                      0x08000277   Thumb Code     0  startup_stm32f429xx.o(.text)
    CAN1_RX1_IRQHandler                      0x08000277   Thumb Code     0  startup_stm32f429xx.o(.text)
    CAN1_SCE_IRQHandler                      0x08000277   Thumb Code     0  startup_stm32f429xx.o(.text)
    CAN1_TX_IRQHandler                       0x08000277   Thumb Code     0  startup_stm32f429xx.o(.text)
    CAN2_RX0_IRQHandler                      0x08000277   Thumb Code     0  startup_stm32f429xx.o(.text)
    CAN2_RX1_IRQHandler                      0x08000277   Thumb Code     0  startup_stm32f429xx.o(.text)
    CAN2_SCE_IRQHandler                      0x08000277   Thumb Code     0  startup_stm32f429xx.o(.text)
    CAN2_TX_IRQHandler                       0x08000277   Thumb Code     0  startup_stm32f429xx.o(.text)
    DCMI_IRQHandler                          0x08000277   Thumb Code     0  startup_stm32f429xx.o(.text)
    DMA1_Stream0_IRQHandler                  0x08000277   Thumb Code     0  startup_stm32f429xx.o(.text)
    DMA1_Stream1_IRQHandler                  0x08000277   Thumb Code     0  startup_stm32f429xx.o(.text)
    DMA1_Stream2_IRQHandler                  0x08000277   Thumb Code     0  startup_stm32f429xx.o(.text)
    DMA1_Stream3_IRQHandler                  0x08000277   Thumb Code     0  startup_stm32f429xx.o(.text)
    DMA1_Stream4_IRQHandler                  0x08000277   Thumb Code     0  startup_stm32f429xx.o(.text)
    DMA1_Stream5_IRQHandler                  0x08000277   Thumb Code     0  startup_stm32f429xx.o(.text)
    DMA1_Stream6_IRQHandler                  0x08000277   Thumb Code     0  startup_stm32f429xx.o(.text)
    DMA1_Stream7_IRQHandler                  0x08000277   Thumb Code     0  startup_stm32f429xx.o(.text)
    DMA2D_IRQHandler                         0x08000277   Thumb Code     0  startup_stm32f429xx.o(.text)
    DMA2_Stream0_IRQHandler                  0x08000277   Thumb Code     0  startup_stm32f429xx.o(.text)
    DMA2_Stream1_IRQHandler                  0x08000277   Thumb Code     0  startup_stm32f429xx.o(.text)
    DMA2_Stream2_IRQHandler                  0x08000277   Thumb Code     0  startup_stm32f429xx.o(.text)
    DMA2_Stream3_IRQHandler                  0x08000277   Thumb Code     0  startup_stm32f429xx.o(.text)
    DMA2_Stream4_IRQHandler                  0x08000277   Thumb Code     0  startup_stm32f429xx.o(.text)
    DMA2_Stream5_IRQHandler                  0x08000277   Thumb Code     0  startup_stm32f429xx.o(.text)
    DMA2_Stream6_IRQHandler                  0x08000277   Thumb Code     0  startup_stm32f429xx.o(.text)
    DMA2_Stream7_IRQHandler                  0x08000277   Thumb Code     0  startup_stm32f429xx.o(.text)
    ETH_IRQHandler                           0x08000277   Thumb Code     0  startup_stm32f429xx.o(.text)
    ETH_WKUP_IRQHandler                      0x08000277   Thumb Code     0  startup_stm32f429xx.o(.text)
    EXTI0_IRQHandler                         0x08000277   Thumb Code     0  startup_stm32f429xx.o(.text)
    EXTI15_10_IRQHandler                     0x08000277   Thumb Code     0  startup_stm32f429xx.o(.text)
    EXTI1_IRQHandler                         0x08000277   Thumb Code     0  startup_stm32f429xx.o(.text)
    EXTI2_IRQHandler                         0x08000277   Thumb Code     0  startup_stm32f429xx.o(.text)
    EXTI3_IRQHandler                         0x08000277   Thumb Code     0  startup_stm32f429xx.o(.text)
    EXTI4_IRQHandler                         0x08000277   Thumb Code     0  startup_stm32f429xx.o(.text)
    EXTI9_5_IRQHandler                       0x08000277   Thumb Code     0  startup_stm32f429xx.o(.text)
    FLASH_IRQHandler                         0x08000277   Thumb Code     0  startup_stm32f429xx.o(.text)
    FMC_IRQHandler                           0x08000277   Thumb Code     0  startup_stm32f429xx.o(.text)
    FPU_IRQHandler                           0x08000277   Thumb Code     0  startup_stm32f429xx.o(.text)
    HASH_RNG_IRQHandler                      0x08000277   Thumb Code     0  startup_stm32f429xx.o(.text)
    I2C1_ER_IRQHandler                       0x08000277   Thumb Code     0  startup_stm32f429xx.o(.text)
    I2C1_EV_IRQHandler                       0x08000277   Thumb Code     0  startup_stm32f429xx.o(.text)
    I2C2_ER_IRQHandler                       0x08000277   Thumb Code     0  startup_stm32f429xx.o(.text)
    I2C2_EV_IRQHandler                       0x08000277   Thumb Code     0  startup_stm32f429xx.o(.text)
    I2C3_ER_IRQHandler                       0x08000277   Thumb Code     0  startup_stm32f429xx.o(.text)
    I2C3_EV_IRQHandler                       0x08000277   Thumb Code     0  startup_stm32f429xx.o(.text)
    LTDC_ER_IRQHandler                       0x08000277   Thumb Code     0  startup_stm32f429xx.o(.text)
    LTDC_IRQHandler                          0x08000277   Thumb Code     0  startup_stm32f429xx.o(.text)
    OTG_FS_IRQHandler                        0x08000277   Thumb Code     0  startup_stm32f429xx.o(.text)
    OTG_FS_WKUP_IRQHandler                   0x08000277   Thumb Code     0  startup_stm32f429xx.o(.text)
    OTG_HS_EP1_IN_IRQHandler                 0x08000277   Thumb Code     0  startup_stm32f429xx.o(.text)
    OTG_HS_EP1_OUT_IRQHandler                0x08000277   Thumb Code     0  startup_stm32f429xx.o(.text)
    OTG_HS_IRQHandler                        0x08000277   Thumb Code     0  startup_stm32f429xx.o(.text)
    OTG_HS_WKUP_IRQHandler                   0x08000277   Thumb Code     0  startup_stm32f429xx.o(.text)
    PVD_IRQHandler                           0x08000277   Thumb Code     0  startup_stm32f429xx.o(.text)
    RCC_IRQHandler                           0x08000277   Thumb Code     0  startup_stm32f429xx.o(.text)
    RTC_Alarm_IRQHandler                     0x08000277   Thumb Code     0  startup_stm32f429xx.o(.text)
    RTC_WKUP_IRQHandler                      0x08000277   Thumb Code     0  startup_stm32f429xx.o(.text)
    SAI1_IRQHandler                          0x08000277   Thumb Code     0  startup_stm32f429xx.o(.text)
    SDIO_IRQHandler                          0x08000277   Thumb Code     0  startup_stm32f429xx.o(.text)
    SPI1_IRQHandler                          0x08000277   Thumb Code     0  startup_stm32f429xx.o(.text)
    SPI2_IRQHandler                          0x08000277   Thumb Code     0  startup_stm32f429xx.o(.text)
    SPI3_IRQHandler                          0x08000277   Thumb Code     0  startup_stm32f429xx.o(.text)
    SPI4_IRQHandler                          0x08000277   Thumb Code     0  startup_stm32f429xx.o(.text)
    SPI5_IRQHandler                          0x08000277   Thumb Code     0  startup_stm32f429xx.o(.text)
    SPI6_IRQHandler                          0x08000277   Thumb Code     0  startup_stm32f429xx.o(.text)
    TAMP_STAMP_IRQHandler                    0x08000277   Thumb Code     0  startup_stm32f429xx.o(.text)
    TIM1_BRK_TIM9_IRQHandler                 0x08000277   Thumb Code     0  startup_stm32f429xx.o(.text)
    TIM1_CC_IRQHandler                       0x08000277   Thumb Code     0  startup_stm32f429xx.o(.text)
    TIM1_TRG_COM_TIM11_IRQHandler            0x08000277   Thumb Code     0  startup_stm32f429xx.o(.text)
    TIM1_UP_TIM10_IRQHandler                 0x08000277   Thumb Code     0  startup_stm32f429xx.o(.text)
    TIM2_IRQHandler                          0x08000277   Thumb Code     0  startup_stm32f429xx.o(.text)
    TIM3_IRQHandler                          0x08000277   Thumb Code     0  startup_stm32f429xx.o(.text)
    TIM4_IRQHandler                          0x08000277   Thumb Code     0  startup_stm32f429xx.o(.text)
    TIM5_IRQHandler                          0x08000277   Thumb Code     0  startup_stm32f429xx.o(.text)
    TIM6_DAC_IRQHandler                      0x08000277   Thumb Code     0  startup_stm32f429xx.o(.text)
    TIM7_IRQHandler                          0x08000277   Thumb Code     0  startup_stm32f429xx.o(.text)
    TIM8_BRK_TIM12_IRQHandler                0x08000277   Thumb Code     0  startup_stm32f429xx.o(.text)
    TIM8_CC_IRQHandler                       0x08000277   Thumb Code     0  startup_stm32f429xx.o(.text)
    TIM8_TRG_COM_TIM14_IRQHandler            0x08000277   Thumb Code     0  startup_stm32f429xx.o(.text)
    TIM8_UP_TIM13_IRQHandler                 0x08000277   Thumb Code     0  startup_stm32f429xx.o(.text)
    UART4_IRQHandler                         0x08000277   Thumb Code     0  startup_stm32f429xx.o(.text)
    UART5_IRQHandler                         0x08000277   Thumb Code     0  startup_stm32f429xx.o(.text)
    UART7_IRQHandler                         0x08000277   Thumb Code     0  startup_stm32f429xx.o(.text)
    UART8_IRQHandler                         0x08000277   Thumb Code     0  startup_stm32f429xx.o(.text)
    USART1_IRQHandler                        0x08000277   Thumb Code     0  startup_stm32f429xx.o(.text)
    USART2_IRQHandler                        0x08000277   Thumb Code     0  startup_stm32f429xx.o(.text)
    USART3_IRQHandler                        0x08000277   Thumb Code     0  startup_stm32f429xx.o(.text)
    USART6_IRQHandler                        0x08000277   Thumb Code     0  startup_stm32f429xx.o(.text)
    WWDG_IRQHandler                          0x08000277   Thumb Code     0  startup_stm32f429xx.o(.text)
    __user_initial_stackheap                 0x08000279   Thumb Code     0  startup_stm32f429xx.o(.text)
    __aeabi_uldivmod                         0x0800029d   Thumb Code     0  lludivv7m.o(.text)
    _ll_udiv                                 0x0800029d   Thumb Code   240  lludivv7m.o(.text)
    __2snprintf                              0x0800038d   Thumb Code    58  noretval__2snprintf.o(.text)
    _printf_pre_padding                      0x080003cd   Thumb Code    44  _printf_pad.o(.text)
    _printf_post_padding                     0x080003f9   Thumb Code    34  _printf_pad.o(.text)
    _printf_int_dec                          0x0800041d   Thumb Code   104  _printf_dec.o(.text)
    _printf_int_hex                          0x08000495   Thumb Code    84  _printf_hex_int.o(.text)
    _printf_longlong_hex                     0x08000495   Thumb Code     0  _printf_hex_int.o(.text)
    __printf                                 0x080004ed   Thumb Code   308  __printf_flags_wp.o(.text)
    strlen                                   0x08000625   Thumb Code    62  strlen.o(.text)
    __aeabi_memcpy                           0x08000663   Thumb Code     0  rt_memcpy_v6.o(.text)
    __rt_memcpy                              0x08000663   Thumb Code   138  rt_memcpy_v6.o(.text)
    _memcpy_lastbytes                        0x080006c9   Thumb Code     0  rt_memcpy_v6.o(.text)
    __aeabi_memset4                          0x080006ed   Thumb Code    16  aeabi_memset4.o(.text)
    __aeabi_memset8                          0x080006ed   Thumb Code     0  aeabi_memset4.o(.text)
    __aeabi_memclr                           0x080006fd   Thumb Code     0  rt_memclr.o(.text)
    __rt_memclr                              0x080006fd   Thumb Code     0  rt_memclr.o(.text)
    _memset                                  0x08000701   Thumb Code    64  rt_memclr.o(.text)
    __aeabi_memclr4                          0x08000741   Thumb Code     0  rt_memclr_w.o(.text)
    __aeabi_memclr8                          0x08000741   Thumb Code     0  rt_memclr_w.o(.text)
    __rt_memclr_w                            0x08000741   Thumb Code     0  rt_memclr_w.o(.text)
    _memset_w                                0x08000745   Thumb Code    74  rt_memclr_w.o(.text)
    __use_two_region_memory                  0x0800078f   Thumb Code     2  heapauxi.o(.text)
    __rt_heap_escrow$2region                 0x08000791   Thumb Code     2  heapauxi.o(.text)
    __rt_heap_expand$2region                 0x08000793   Thumb Code     2  heapauxi.o(.text)
    _printf_int_common                       0x08000795   Thumb Code   178  _printf_intcommon.o(.text)
    _printf_char_common                      0x08000853   Thumb Code    32  _printf_char_common.o(.text)
    _snputc                                  0x08000879   Thumb Code    16  _snputc.o(.text)
    __aeabi_memcpy4                          0x08000889   Thumb Code     0  rt_memcpy_w.o(.text)
    __aeabi_memcpy8                          0x08000889   Thumb Code     0  rt_memcpy_w.o(.text)
    __rt_memcpy_w                            0x08000889   Thumb Code   100  rt_memcpy_w.o(.text)
    _memcpy_lastbytes_aligned                0x080008d1   Thumb Code     0  rt_memcpy_w.o(.text)
    __user_setup_stackheap                   0x080008ed   Thumb Code    74  sys_stackheap_outer.o(.text)
    exit                                     0x08000937   Thumb Code    18  exit.o(.text)
    __user_libspace                          0x08000949   Thumb Code     8  libspace.o(.text)
    __user_perproc_libspace                  0x08000949   Thumb Code     0  libspace.o(.text)
    __user_perthread_libspace                0x08000949   Thumb Code     0  libspace.o(.text)
    _sys_exit                                0x08000951   Thumb Code     8  sys_exit.o(.text)
    __I$use$semihosting                      0x0800095d   Thumb Code     0  use_no_semi.o(.text)
    __use_no_semihosting_swi                 0x0800095d   Thumb Code     2  use_no_semi.o(.text)
    __semihosting_library_function           0x0800095f   Thumb Code     0  indicate_semi.o(.text)
    BusFault_Handler                         0x08000961   Thumb Code     2  stm32f4xx_it.o(.text.BusFault_Handler)
    ClearBitMask                             0x08000965   Thumb Code   190  rc522.o(.text.ClearBitMask)
    DebugMon_Handler                         0x08000a25   Thumb Code     2  stm32f4xx_it.o(.text.DebugMon_Handler)
    Error_Handler                            0x08000a29   Thumb Code     6  main.o(.text.Error_Handler)
    HAL_Delay                                0x08000a31   Thumb Code    40  stm32f4xx_hal.o(.text.HAL_Delay)
    HAL_GPIO_Init                            0x08000a59   Thumb Code   416  stm32f4xx_hal_gpio.o(.text.HAL_GPIO_Init)
    HAL_GPIO_WritePin                        0x08000bf9   Thumb Code    10  stm32f4xx_hal_gpio.o(.text.HAL_GPIO_WritePin)
    HAL_GetTick                              0x08000c05   Thumb Code    12  stm32f4xx_hal.o(.text.HAL_GetTick)
    HAL_I2CEx_ConfigAnalogFilter             0x08000c11   Thumb Code    60  stm32f4xx_hal_i2c_ex.o(.text.HAL_I2CEx_ConfigAnalogFilter)
    HAL_I2CEx_ConfigDigitalFilter            0x08000c4d   Thumb Code    64  stm32f4xx_hal_i2c_ex.o(.text.HAL_I2CEx_ConfigDigitalFilter)
    HAL_I2C_Init                             0x08000c8d   Thumb Code   408  stm32f4xx_hal_i2c.o(.text.HAL_I2C_Init)
    HAL_I2C_Master_Transmit                  0x08000e25   Thumb Code   994  stm32f4xx_hal_i2c.o(.text.HAL_I2C_Master_Transmit)
    HAL_I2C_MspInit                          0x08001209   Thumb Code   112  i2c.o(.text.HAL_I2C_MspInit)
    HAL_IncTick                              0x08001279   Thumb Code    26  stm32f4xx_hal.o(.text.HAL_IncTick)
    HAL_Init                                 0x08001295   Thumb Code    54  stm32f4xx_hal.o(.text.HAL_Init)
    HAL_InitTick                             0x080012cd   Thumb Code    80  stm32f4xx_hal.o(.text.HAL_InitTick)
    HAL_MspInit                              0x0800131d   Thumb Code    66  stm32f4xx_hal_msp.o(.text.HAL_MspInit)
    HAL_NVIC_SetPriority                     0x08001361   Thumb Code    86  stm32f4xx_hal_cortex.o(.text.HAL_NVIC_SetPriority)
    HAL_NVIC_SetPriorityGrouping             0x080013b9   Thumb Code    32  stm32f4xx_hal_cortex.o(.text.HAL_NVIC_SetPriorityGrouping)
    HAL_RCC_ClockConfig                      0x080013d9   Thumb Code   352  stm32f4xx_hal_rcc.o(.text.HAL_RCC_ClockConfig)
    HAL_RCC_GetPCLK1Freq                     0x08001539   Thumb Code    38  stm32f4xx_hal_rcc.o(.text.HAL_RCC_GetPCLK1Freq)
    HAL_RCC_GetPCLK2Freq                     0x08001561   Thumb Code    38  stm32f4xx_hal_rcc.o(.text.HAL_RCC_GetPCLK2Freq)
    HAL_RCC_GetSysClockFreq                  0x08001589   Thumb Code   106  stm32f4xx_hal_rcc.o(.text.HAL_RCC_GetSysClockFreq)
    HAL_RCC_OscConfig                        0x080015f5   Thumb Code   836  stm32f4xx_hal_rcc.o(.text.HAL_RCC_OscConfig)
    HAL_SPI_Init                             0x08001939   Thumb Code   180  stm32f4xx_hal_spi.o(.text.HAL_SPI_Init)
    HAL_SPI_MspInit                          0x080019ed   Thumb Code   170  spi.o(.text.HAL_SPI_MspInit)
    HAL_SPI_TransmitReceive                  0x08001a99   Thumb Code   598  stm32f4xx_hal_spi.o(.text.HAL_SPI_TransmitReceive)
    HAL_SYSTICK_Config                       0x08001cf1   Thumb Code    44  stm32f4xx_hal_cortex.o(.text.HAL_SYSTICK_Config)
    HAL_UART_Init                            0x08001d1d   Thumb Code    96  stm32f4xx_hal_uart.o(.text.HAL_UART_Init)
    HAL_UART_MspInit                         0x08001d7d   Thumb Code   116  usart.o(.text.HAL_UART_MspInit)
    HAL_UART_Transmit                        0x08001df1   Thumb Code   238  stm32f4xx_hal_uart.o(.text.HAL_UART_Transmit)
    HardFault_Handler                        0x08001ee1   Thumb Code     2  stm32f4xx_it.o(.text.HardFault_Handler)
    MFRC522_Anticoll                         0x08001ee5   Thumb Code   164  rc522.o(.text.MFRC522_Anticoll)
    MFRC522_Init                             0x08001f89   Thumb Code   632  rc522.o(.text.MFRC522_Init)
    MFRC522_Request                          0x08002201   Thumb Code   140  rc522.o(.text.MFRC522_Request)
    MFRC522_ToCard                           0x0800228d   Thumb Code   988  rc522.o(.text.MFRC522_ToCard)
    MX_GPIO_Init                             0x08002669   Thumb Code   214  gpio.o(.text.MX_GPIO_Init)
    MX_I2C2_Init                             0x08002741   Thumb Code   110  i2c.o(.text.MX_I2C2_Init)
    MX_SPI2_Init                             0x080027b1   Thumb Code    76  spi.o(.text.MX_SPI2_Init)
    MX_USART3_UART_Init                      0x080027fd   Thumb Code    60  usart.o(.text.MX_USART3_UART_Init)
    MemManage_Handler                        0x08002839   Thumb Code     2  stm32f4xx_it.o(.text.MemManage_Handler)
    NMI_Handler                              0x0800283d   Thumb Code     2  stm32f4xx_it.o(.text.NMI_Handler)
    OLED_GetDisplay                          0x080029d9   Thumb Code    10  oled_driver.o(.text.OLED_GetDisplay)
    OLED_Init                                0x080029e5   Thumb Code    64  oled_driver.o(.text.OLED_Init)
    OLED_Task_Init                           0x08002a25   Thumb Code   248  oled_rtos_task.o(.text.OLED_Task_Init)
    PendSV_Handler                           0x08002ba1   Thumb Code   100  port.o(.text.PendSV_Handler)
    RC522_Task_Init                          0x08002de5   Thumb Code   132  rc522_rtos_task.o(.text.RC522_Task_Init)
    SVC_Handler                              0x08002f91   Thumb Code    36  port.o(.text.SVC_Handler)
    SetBitMask                               0x08002fb5   Thumb Code   190  rc522.o(.text.SetBitMask)
    SysTick_Handler                          0x08003075   Thumb Code    24  stm32f4xx_it.o(.text.SysTick_Handler)
    SystemClock_Config                       0x0800308d   Thumb Code   170  main.o(.text.SystemClock_Config)
    SystemInit                               0x08003139   Thumb Code    18  system_stm32f4xx.o(.text.SystemInit)
    UsageFault_Handler                       0x08003239   Thumb Code     2  stm32f4xx_it.o(.text.UsageFault_Handler)
    main                                     0x0800323d   Thumb Code    42  main.o(.text.main)
    osDelay                                  0x08003269   Thumb Code    32  cmsis_os2.o(.text.osDelay)
    osKernelInitialize                       0x08003289   Thumb Code    40  cmsis_os2.o(.text.osKernelInitialize)
    osKernelStart                            0x080032b1   Thumb Code    60  cmsis_os2.o(.text.osKernelStart)
    osMessageQueueGet                        0x080032ed   Thumb Code   134  cmsis_os2.o(.text.osMessageQueueGet)
    osMessageQueueNew                        0x08003375   Thumb Code   160  cmsis_os2.o(.text.osMessageQueueNew)
    osMessageQueuePut                        0x08003415   Thumb Code   142  cmsis_os2.o(.text.osMessageQueuePut)
    osThreadNew                              0x080034a5   Thumb Code   184  cmsis_os2.o(.text.osThreadNew)
    pvPortMalloc                             0x08003c85   Thumb Code   454  heap_4.o(.text.pvPortMalloc)
    pxPortInitialiseStack                    0x08003e4d   Thumb Code    40  port.o(.text.pxPortInitialiseStack)
    u8g2_ClearBuffer                         0x08003e75   Thumb Code    22  u8g2_buffer.o(.text.u8g2_ClearBuffer)
    u8g2_ClearDisplay                        0x08003e8d   Thumb Code    30  u8g2_cleardisplay.o(.text.u8g2_ClearDisplay)
    u8g2_DrawHVLine                          0x08003ead   Thumb Code   302  u8g2_hvline.o(.text.u8g2_DrawHVLine)
    u8g2_DrawStr                             0x08003fdd   Thumb Code    16  u8g2_font.o(.text.u8g2_DrawStr)
    u8g2_FirstPage                           0x08003fed   Thumb Code    40  u8g2_buffer.o(.text.u8g2_FirstPage)
    u8g2_IsIntersection                      0x08004015   Thumb Code   132  u8g2_intersection.o(.text.u8g2_IsIntersection)
    u8g2_NextPage                            0x08004099   Thumb Code    68  u8g2_buffer.o(.text.u8g2_NextPage)
    u8g2_SendBuffer                          0x080040dd   Thumb Code    18  u8g2_buffer.o(.text.u8g2_SendBuffer)
    u8g2_SetBufferCurrTileRow                0x080040f1   Thumb Code    28  u8g2_buffer.o(.text.u8g2_SetBufferCurrTileRow)
    u8g2_SetFont                             0x0800410d   Thumb Code   230  u8g2_font.o(.text.u8g2_SetFont)
    u8g2_SetFontPosBaseline                  0x080041f5   Thumb Code    12  u8g2_font.o(.text.u8g2_SetFontPosBaseline)
    u8g2_SetupBuffer                         0x08004201   Thumb Code    80  u8g2_setup.o(.text.u8g2_SetupBuffer)
    u8g2_Setup_sh1106_i2c_128x64_noname_f    0x08004251   Thumb Code    70  u8g2_d_setup.o(.text.u8g2_Setup_sh1106_i2c_128x64_noname_f)
    u8g2_add_vector_x                        0x08004299   Thumb Code    32  u8g2_font.o(.text.u8g2_add_vector_x)
    u8g2_add_vector_y                        0x080042b9   Thumb Code    32  u8g2_font.o(.text.u8g2_add_vector_y)
    u8g2_draw_hv_line_2dir                   0x080042d9   Thumb Code    30  u8g2_hvline.o(.text.u8g2_draw_hv_line_2dir)
    u8g2_draw_l90_r0                         0x080042f9   Thumb Code    20  u8g2_setup.o(.text.u8g2_draw_l90_r0)
    u8g2_font_calc_vref_font                 0x080043e9   Thumb Code     4  u8g2_font.o(.text.u8g2_font_calc_vref_font)
    u8g2_font_decode_glyph                   0x080043ed   Thumb Code  1022  u8g2_font.o(.text.u8g2_font_decode_glyph)
    u8g2_font_get_glyph_data                 0x080047ed   Thumb Code   138  u8g2_font.o(.text.u8g2_font_get_glyph_data)
    u8g2_ll_hvline_vertical_top_lsb          0x08004881   Thumb Code   160  u8g2_ll_hvline.o(.text.u8g2_ll_hvline_vertical_top_lsb)
    u8g2_m_16_8_f                            0x08004921   Thumb Code    16  u8g2_d_memory.o(.text.u8g2_m_16_8_f)
    u8g2_update_dimension_r0                 0x08004989   Thumb Code    64  u8g2_setup.o(.text.u8g2_update_dimension_r0)
    u8g2_update_page_win_r0                  0x080049c9   Thumb Code   132  u8g2_setup.o(.text.u8g2_update_page_win_r0)
    u8x8_DrawTile                            0x08004a4d   Thumb Code    40  u8x8_display.o(.text.u8x8_DrawTile)
    u8x8_InitDisplay                         0x08004a75   Thumb Code    12  u8x8_display.o(.text.u8x8_InitDisplay)
    u8x8_RefreshDisplay                      0x08004a81   Thumb Code    12  u8x8_display.o(.text.u8x8_RefreshDisplay)
    u8x8_SetPowerSave                        0x08004a8d   Thumb Code    12  u8x8_display.o(.text.u8x8_SetPowerSave)
    u8x8_Setup                               0x08004a99   Thumb Code    48  u8x8_setup.o(.text.u8x8_Setup)
    u8x8_SetupMemory                         0x08004ac9   Thumb Code    12  u8x8_display.o(.text.u8x8_SetupMemory)
    u8x8_ascii_next                          0x08004ad5   Thumb Code    18  u8x8_8x8.o(.text.u8x8_ascii_next)
    u8x8_byte_EndTransfer                    0x08004ae9   Thumb Code    12  u8x8_byte.o(.text.u8x8_byte_EndTransfer)
    u8x8_byte_SendByte                       0x08004af5   Thumb Code    22  u8x8_byte.o(.text.u8x8_byte_SendByte)
    u8x8_byte_SendBytes                      0x08004b0d   Thumb Code    12  u8x8_byte.o(.text.u8x8_byte_SendBytes)
    u8x8_byte_StartTransfer                  0x08004b19   Thumb Code    12  u8x8_byte.o(.text.u8x8_byte_StartTransfer)
    u8x8_byte_stm32_i2c                      0x08004b25   Thumb Code   154  oled_driver.o(.text.u8x8_byte_stm32_i2c)
    u8x8_cad_EndTransfer                     0x08004bc1   Thumb Code    12  u8x8_cad.o(.text.u8x8_cad_EndTransfer)
    u8x8_cad_SendArg                         0x08004bcd   Thumb Code    12  u8x8_cad.o(.text.u8x8_cad_SendArg)
    u8x8_cad_SendCmd                         0x08004bd9   Thumb Code    12  u8x8_cad.o(.text.u8x8_cad_SendCmd)
    u8x8_cad_SendData                        0x08004be5   Thumb Code    12  u8x8_cad.o(.text.u8x8_cad_SendData)
    u8x8_cad_SendSequence                    0x08004bf1   Thumb Code   122  u8x8_cad.o(.text.u8x8_cad_SendSequence)
    u8x8_cad_StartTransfer                   0x08004c6d   Thumb Code    12  u8x8_cad.o(.text.u8x8_cad_StartTransfer)
    u8x8_cad_ssd13xx_fast_i2c                0x08004c79   Thumb Code   232  u8x8_cad.o(.text.u8x8_cad_ssd13xx_fast_i2c)
    u8x8_d_helper_display_init               0x08004d61   Thumb Code   100  u8x8_display.o(.text.u8x8_d_helper_display_init)
    u8x8_d_helper_display_setup_memory       0x08004dc5   Thumb Code    10  u8x8_display.o(.text.u8x8_d_helper_display_setup_memory)
    u8x8_d_sh1106_128x64_noname              0x08004dd1   Thumb Code    70  u8x8_d_ssd1306_128x64_noname.o(.text.u8x8_d_sh1106_128x64_noname)
    u8x8_gpio_call                           0x08004f11   Thumb Code     8  u8x8_gpio.o(.text.u8x8_gpio_call)
    u8x8_stm32_gpio_and_delay                0x08004f49   Thumb Code    46  oled_driver.o(.text.u8x8_stm32_gpio_and_delay)
    u8x8_utf8_init                           0x08004f79   Thumb Code     8  u8x8_8x8.o(.text.u8x8_utf8_init)
    uxListRemove                             0x08004f81   Thumb Code    36  list.o(.text.uxListRemove)
    vApplicationGetIdleTaskMemory            0x08004fa5   Thumb Code    26  cmsis_os2.o(.text.vApplicationGetIdleTaskMemory)
    vApplicationGetTimerTaskMemory           0x08004fc1   Thumb Code    28  cmsis_os2.o(.text.vApplicationGetTimerTaskMemory)
    vListInitialise                          0x08004fdd   Thumb Code    22  list.o(.text.vListInitialise)
    vListInitialiseItem                      0x08004ff5   Thumb Code     6  list.o(.text.vListInitialiseItem)
    vListInsert                              0x08004ffd   Thumb Code    58  list.o(.text.vListInsert)
    vListInsertEnd                           0x08005039   Thumb Code    28  list.o(.text.vListInsertEnd)
    vPortEnterCritical                       0x08005069   Thumb Code    70  port.o(.text.vPortEnterCritical)
    vPortExitCritical                        0x080050b1   Thumb Code    46  port.o(.text.vPortExitCritical)
    vPortFree                                0x080050e1   Thumb Code   210  heap_4.o(.text.vPortFree)
    vPortSetupTimerInterrupt                 0x080051b5   Thumb Code    52  port.o(.text.vPortSetupTimerInterrupt)
    vPortValidateInterruptPriority           0x080051e9   Thumb Code    98  port.o(.text.vPortValidateInterruptPriority)
    vQueueAddToRegistry                      0x0800524d   Thumb Code    40  queue.o(.text.vQueueAddToRegistry)
    vQueueWaitForMessageRestricted           0x08005275   Thumb Code    70  queue.o(.text.vQueueWaitForMessageRestricted)
    vTaskDelay                               0x080052bd   Thumb Code   166  tasks.o(.text.vTaskDelay)
    vTaskInternalSetTimeOutState             0x08005365   Thumb Code    26  tasks.o(.text.vTaskInternalSetTimeOutState)
    vTaskMissedYield                         0x08005381   Thumb Code    14  tasks.o(.text.vTaskMissedYield)
    vTaskPlaceOnEventList                    0x08005391   Thumb Code    54  tasks.o(.text.vTaskPlaceOnEventList)
    vTaskPlaceOnEventListRestricted          0x080053c9   Thumb Code    62  tasks.o(.text.vTaskPlaceOnEventListRestricted)
    vTaskStartScheduler                      0x08005409   Thumb Code   156  tasks.o(.text.vTaskStartScheduler)
    vTaskSuspendAll                          0x080054ad   Thumb Code    16  tasks.o(.text.vTaskSuspendAll)
    vTaskSwitchContext                       0x080054bd   Thumb Code   154  tasks.o(.text.vTaskSwitchContext)
    xPortStartScheduler                      0x08005559   Thumb Code   306  port.o(.text.xPortStartScheduler)
    xPortSysTickHandler                      0x0800568d   Thumb Code    46  port.o(.text.xPortSysTickHandler)
    xQueueGenericCreate                      0x080056bd   Thumb Code   134  queue.o(.text.xQueueGenericCreate)
    xQueueGenericCreateStatic                0x08005745   Thumb Code   218  queue.o(.text.xQueueGenericCreateStatic)
    xQueueGenericSend                        0x08005821   Thumb Code   530  queue.o(.text.xQueueGenericSend)
    xQueueGenericSendFromISR                 0x08005a35   Thumb Code   334  queue.o(.text.xQueueGenericSendFromISR)
    xQueueReceive                            0x08005b85   Thumb Code   424  queue.o(.text.xQueueReceive)
    xQueueReceiveFromISR                     0x08005d2d   Thumb Code   198  queue.o(.text.xQueueReceiveFromISR)
    xTaskCheckForTimeOut                     0x08005df5   Thumb Code   142  tasks.o(.text.xTaskCheckForTimeOut)
    xTaskCreate                              0x08005e85   Thumb Code   220  tasks.o(.text.xTaskCreate)
    xTaskCreateStatic                        0x08005f61   Thumb Code   232  tasks.o(.text.xTaskCreateStatic)
    xTaskGetSchedulerState                   0x08006049   Thumb Code    38  tasks.o(.text.xTaskGetSchedulerState)
    xTaskGetTickCount                        0x08006071   Thumb Code    12  tasks.o(.text.xTaskGetTickCount)
    xTaskIncrementTick                       0x0800607d   Thumb Code   366  tasks.o(.text.xTaskIncrementTick)
    xTaskPriorityDisinherit                  0x080061ed   Thumb Code   146  tasks.o(.text.xTaskPriorityDisinherit)
    xTaskRemoveFromEventList                 0x08006281   Thumb Code   142  tasks.o(.text.xTaskRemoveFromEventList)
    xTaskResumeAll                           0x08006311   Thumb Code   312  tasks.o(.text.xTaskResumeAll)
    xTimerCreateTimerTask                    0x08006449   Thumb Code   108  timers.o(.text.xTimerCreateTimerTask)
    _is_digit                                0x080064bd   Thumb Code    14  __printf_wp.o(i._is_digit)
    _fp_init                                 0x080064cb   Thumb Code    26  fpinit.o(x$fpl$fpinit)
    __fplib_config_fpu_vfp                   0x080064e3   Thumb Code     0  fpinit.o(x$fpl$fpinit)
    __fplib_config_pureend_doubles           0x080064e3   Thumb Code     0  fpinit.o(x$fpl$fpinit)
    AHBPrescTable                            0x0800651d   Data          16  system_stm32f4xx.o(.rodata.AHBPrescTable)
    APBPrescTable                            0x0800652d   Data           8  system_stm32f4xx.o(.rodata.APBPrescTable)
    u8g2_cb_r0                               0x080065e0   Data          12  u8g2_setup.o(.rodata.u8g2_cb_r0)
    u8g2_font_ncenB08_tr                     0x080065ec   Data        1166  u8g2_fonts.o(.rodata.u8g2_font_ncenB08_tr)
    Region$$Table$$Base                      0x08006ae0   Number         0  anon$$obj.o(Region$$Table)
    Region$$Table$$Limit                     0x08006b00   Number         0  anon$$obj.o(Region$$Table)
    SystemCoreClock                          0x20000000   Data           4  system_stm32f4xx.o(.data.SystemCoreClock)
    uwTickFreq                               0x20000004   Data           1  stm32f4xx_hal.o(.data.uwTickFreq)
    uwTickPrio                               0x20000008   Data           4  stm32f4xx_hal.o(.data.uwTickPrio)
    __libspace_start                         0x20000010   Data          96  libspace.o(.bss)
    __temporary_stack_top$libspace           0x20000070   Data           0  libspace.o(.bss)
    display_rc522_info_queue                 0x20000074   Data           4  oled_rtos_task.o(.bss.display_rc522_info_queue)
    hi2c2                                    0x20000078   Data          84  i2c.o(.bss.hi2c2)
    hspi2                                    0x200000cc   Data          88  spi.o(.bss.hspi2)
    huart3                                   0x20000124   Data          72  usart.o(.bss.huart3)
    pxCurrentTCB                             0x20000264   Data           4  tasks.o(.bss.pxCurrentTCB)
    uwTick                                   0x2000479c   Data           4  stm32f4xx_hal.o(.bss.uwTick)
    xQueueRegistry                           0x20004ef4   Data          64  queue.o(.bss.xQueueRegistry)



==============================================================================

Memory Map of the image

  Image Entry point : 0x080001ad

  Load Region LR_IROM1 (Base: 0x08000000, Size: 0x00006b10, Max: 0x00200000, ABSOLUTE)

    Execution Region ER_IROM1 (Exec base: 0x08000000, Load base: 0x08000000, Size: 0x00006b00, Max: 0x00200000, ABSOLUTE)

    Exec Addr    Load Addr    Size         Type   Attr      Idx    E Section Name        Object

    0x08000000   0x08000000   0x000001ac   Data   RO            3    RESET               startup_stm32f429xx.o
    0x080001ac   0x080001ac   0x00000008   Code   RO         4644  * !!!main             c_w.l(__main.o)
    0x080001b4   0x080001b4   0x00000034   Code   RO         4830    !!!scatter          c_w.l(__scatter.o)
    0x080001e8   0x080001e8   0x0000001a   Code   RO         4832    !!handler_copy      c_w.l(__scatter_copy.o)
    0x08000202   0x08000202   0x00000002   PAD
    0x08000204   0x08000204   0x0000001c   Code   RO         4834    !!handler_zi        c_w.l(__scatter_zi.o)
    0x08000220   0x08000220   0x00000000   Code   RO         4629    .ARM.Collect$$_printf_percent$$00000000  c_w.l(_printf_percent.o)
    0x08000220   0x08000220   0x00000006   Code   RO         4628    .ARM.Collect$$_printf_percent$$00000009  c_w.l(_printf_d.o)
    0x08000226   0x08000226   0x00000006   Code   RO         4627    .ARM.Collect$$_printf_percent$$0000000C  c_w.l(_printf_x.o)
    0x0800022c   0x0800022c   0x00000004   Code   RO         4657    .ARM.Collect$$_printf_percent$$00000017  c_w.l(_printf_percent_end.o)
    0x08000230   0x08000230   0x00000002   Code   RO         4692    .ARM.Collect$$libinit$$00000000  c_w.l(libinit.o)
    0x08000232   0x08000232   0x00000004   Code   RO         4704    .ARM.Collect$$libinit$$00000001  c_w.l(libinit2.o)
    0x08000236   0x08000236   0x00000000   Code   RO         4707    .ARM.Collect$$libinit$$00000004  c_w.l(libinit2.o)
    0x08000236   0x08000236   0x00000000   Code   RO         4709    .ARM.Collect$$libinit$$00000006  c_w.l(libinit2.o)
    0x08000236   0x08000236   0x00000000   Code   RO         4712    .ARM.Collect$$libinit$$0000000C  c_w.l(libinit2.o)
    0x08000236   0x08000236   0x00000000   Code   RO         4714    .ARM.Collect$$libinit$$0000000E  c_w.l(libinit2.o)
    0x08000236   0x08000236   0x00000000   Code   RO         4716    .ARM.Collect$$libinit$$00000010  c_w.l(libinit2.o)
    0x08000236   0x08000236   0x00000000   Code   RO         4719    .ARM.Collect$$libinit$$00000013  c_w.l(libinit2.o)
    0x08000236   0x08000236   0x00000000   Code   RO         4721    .ARM.Collect$$libinit$$00000015  c_w.l(libinit2.o)
    0x08000236   0x08000236   0x00000000   Code   RO         4723    .ARM.Collect$$libinit$$00000017  c_w.l(libinit2.o)
    0x08000236   0x08000236   0x00000000   Code   RO         4725    .ARM.Collect$$libinit$$00000019  c_w.l(libinit2.o)
    0x08000236   0x08000236   0x00000000   Code   RO         4727    .ARM.Collect$$libinit$$0000001B  c_w.l(libinit2.o)
    0x08000236   0x08000236   0x00000000   Code   RO         4729    .ARM.Collect$$libinit$$0000001D  c_w.l(libinit2.o)
    0x08000236   0x08000236   0x00000000   Code   RO         4731    .ARM.Collect$$libinit$$0000001F  c_w.l(libinit2.o)
    0x08000236   0x08000236   0x00000000   Code   RO         4733    .ARM.Collect$$libinit$$00000021  c_w.l(libinit2.o)
    0x08000236   0x08000236   0x00000000   Code   RO         4735    .ARM.Collect$$libinit$$00000023  c_w.l(libinit2.o)
    0x08000236   0x08000236   0x00000000   Code   RO         4737    .ARM.Collect$$libinit$$00000025  c_w.l(libinit2.o)
    0x08000236   0x08000236   0x00000000   Code   RO         4739    .ARM.Collect$$libinit$$00000027  c_w.l(libinit2.o)
    0x08000236   0x08000236   0x00000000   Code   RO         4743    .ARM.Collect$$libinit$$0000002E  c_w.l(libinit2.o)
    0x08000236   0x08000236   0x00000000   Code   RO         4745    .ARM.Collect$$libinit$$00000030  c_w.l(libinit2.o)
    0x08000236   0x08000236   0x00000000   Code   RO         4747    .ARM.Collect$$libinit$$00000032  c_w.l(libinit2.o)
    0x08000236   0x08000236   0x00000000   Code   RO         4749    .ARM.Collect$$libinit$$00000034  c_w.l(libinit2.o)
    0x08000236   0x08000236   0x00000002   Code   RO         4750    .ARM.Collect$$libinit$$00000035  c_w.l(libinit2.o)
    0x08000238   0x08000238   0x00000002   Code   RO         4785    .ARM.Collect$$libshutdown$$00000000  c_w.l(libshutdown.o)
    0x0800023a   0x0800023a   0x00000000   Code   RO         4813    .ARM.Collect$$libshutdown$$00000002  c_w.l(libshutdown2.o)
    0x0800023a   0x0800023a   0x00000000   Code   RO         4815    .ARM.Collect$$libshutdown$$00000004  c_w.l(libshutdown2.o)
    0x0800023a   0x0800023a   0x00000000   Code   RO         4818    .ARM.Collect$$libshutdown$$00000007  c_w.l(libshutdown2.o)
    0x0800023a   0x0800023a   0x00000000   Code   RO         4821    .ARM.Collect$$libshutdown$$0000000A  c_w.l(libshutdown2.o)
    0x0800023a   0x0800023a   0x00000000   Code   RO         4823    .ARM.Collect$$libshutdown$$0000000C  c_w.l(libshutdown2.o)
    0x0800023a   0x0800023a   0x00000000   Code   RO         4826    .ARM.Collect$$libshutdown$$0000000F  c_w.l(libshutdown2.o)
    0x0800023a   0x0800023a   0x00000002   Code   RO         4827    .ARM.Collect$$libshutdown$$00000010  c_w.l(libshutdown2.o)
    0x0800023c   0x0800023c   0x00000000   Code   RO         4646    .ARM.Collect$$rtentry$$00000000  c_w.l(__rtentry.o)
    0x0800023c   0x0800023c   0x00000000   Code   RO         4661    .ARM.Collect$$rtentry$$00000002  c_w.l(__rtentry2.o)
    0x0800023c   0x0800023c   0x00000006   Code   RO         4673    .ARM.Collect$$rtentry$$00000004  c_w.l(__rtentry4.o)
    0x08000242   0x08000242   0x00000000   Code   RO         4663    .ARM.Collect$$rtentry$$00000009  c_w.l(__rtentry2.o)
    0x08000242   0x08000242   0x00000004   Code   RO         4664    .ARM.Collect$$rtentry$$0000000A  c_w.l(__rtentry2.o)
    0x08000246   0x08000246   0x00000000   Code   RO         4666    .ARM.Collect$$rtentry$$0000000C  c_w.l(__rtentry2.o)
    0x08000246   0x08000246   0x00000008   Code   RO         4667    .ARM.Collect$$rtentry$$0000000D  c_w.l(__rtentry2.o)
    0x0800024e   0x0800024e   0x00000002   Code   RO         4696    .ARM.Collect$$rtexit$$00000000  c_w.l(rtexit.o)
    0x08000250   0x08000250   0x00000000   Code   RO         4756    .ARM.Collect$$rtexit$$00000002  c_w.l(rtexit2.o)
    0x08000250   0x08000250   0x00000004   Code   RO         4757    .ARM.Collect$$rtexit$$00000003  c_w.l(rtexit2.o)
    0x08000254   0x08000254   0x00000006   Code   RO         4758    .ARM.Collect$$rtexit$$00000004  c_w.l(rtexit2.o)
    0x0800025a   0x0800025a   0x00000002   PAD
    0x0800025c   0x0800025c   0x00000040   Code   RO            4    .text               startup_stm32f429xx.o
    0x0800029c   0x0800029c   0x000000f0   Code   RO         4574    .text               c_w.l(lludivv7m.o)
    0x0800038c   0x0800038c   0x00000040   Code   RO         4578    .text               c_w.l(noretval__2snprintf.o)
    0x080003cc   0x080003cc   0x0000004e   Code   RO         4582    .text               c_w.l(_printf_pad.o)
    0x0800041a   0x0800041a   0x00000002   PAD
    0x0800041c   0x0800041c   0x00000078   Code   RO         4584    .text               c_w.l(_printf_dec.o)
    0x08000494   0x08000494   0x00000058   Code   RO         4589    .text               c_w.l(_printf_hex_int.o)
    0x080004ec   0x080004ec   0x00000138   Code   RO         4619    .text               c_w.l(__printf_flags_wp.o)
    0x08000624   0x08000624   0x0000003e   Code   RO         4630    .text               c_w.l(strlen.o)
    0x08000662   0x08000662   0x0000008a   Code   RO         4632    .text               c_w.l(rt_memcpy_v6.o)
    0x080006ec   0x080006ec   0x00000010   Code   RO         4636    .text               c_w.l(aeabi_memset4.o)
    0x080006fc   0x080006fc   0x00000044   Code   RO         4638    .text               c_w.l(rt_memclr.o)
    0x08000740   0x08000740   0x0000004e   Code   RO         4640    .text               c_w.l(rt_memclr_w.o)
    0x0800078e   0x0800078e   0x00000006   Code   RO         4642    .text               c_w.l(heapauxi.o)
    0x08000794   0x08000794   0x000000b2   Code   RO         4651    .text               c_w.l(_printf_intcommon.o)
    0x08000846   0x08000846   0x00000002   PAD
    0x08000848   0x08000848   0x00000030   Code   RO         4653    .text               c_w.l(_printf_char_common.o)
    0x08000878   0x08000878   0x00000010   Code   RO         4655    .text               c_w.l(_snputc.o)
    0x08000888   0x08000888   0x00000064   Code   RO         4658    .text               c_w.l(rt_memcpy_w.o)
    0x080008ec   0x080008ec   0x0000004a   Code   RO         4679    .text               c_w.l(sys_stackheap_outer.o)
    0x08000936   0x08000936   0x00000012   Code   RO         4681    .text               c_w.l(exit.o)
    0x08000948   0x08000948   0x00000008   Code   RO         4693    .text               c_w.l(libspace.o)
    0x08000950   0x08000950   0x0000000c   Code   RO         4751    .text               c_w.l(sys_exit.o)
    0x0800095c   0x0800095c   0x00000002   Code   RO         4774    .text               c_w.l(use_no_semi.o)
    0x0800095e   0x0800095e   0x00000000   Code   RO         4776    .text               c_w.l(indicate_semi.o)
    0x0800095e   0x0800095e   0x00000002   PAD
    0x08000960   0x08000960   0x00000002   Code   RO          129    .text.BusFault_Handler  stm32f4xx_it.o
    0x08000962   0x08000962   0x00000002   PAD
    0x08000964   0x08000964   0x000000be   Code   RO         4537    .text.ClearBitMask  rc522.o
    0x08000a22   0x08000a22   0x00000002   PAD
    0x08000a24   0x08000a24   0x00000002   Code   RO          133    .text.DebugMon_Handler  stm32f4xx_it.o
    0x08000a26   0x08000a26   0x00000002   PAD
    0x08000a28   0x08000a28   0x00000006   Code   RO           45    .text.Error_Handler  main.o
    0x08000a2e   0x08000a2e   0x00000002   PAD
    0x08000a30   0x08000a30   0x00000028   Code   RO          488    .text.HAL_Delay     stm32f4xx_hal.o
    0x08000a58   0x08000a58   0x000001a0   Code   RO          277    .text.HAL_GPIO_Init  stm32f4xx_hal_gpio.o
    0x08000bf8   0x08000bf8   0x0000000a   Code   RO          283    .text.HAL_GPIO_WritePin  stm32f4xx_hal_gpio.o
    0x08000c02   0x08000c02   0x00000002   PAD
    0x08000c04   0x08000c04   0x0000000c   Code   RO          480    .text.HAL_GetTick   stm32f4xx_hal.o
    0x08000c10   0x08000c10   0x0000003c   Code   RO          697    .text.HAL_I2CEx_ConfigAnalogFilter  stm32f4xx_hal_i2c_ex.o
    0x08000c4c   0x08000c4c   0x00000040   Code   RO          699    .text.HAL_I2CEx_ConfigDigitalFilter  stm32f4xx_hal_i2c_ex.o
    0x08000c8c   0x08000c8c   0x00000198   Code   RO          563    .text.HAL_I2C_Init  stm32f4xx_hal_i2c.o
    0x08000e24   0x08000e24   0x000003e2   Code   RO          571    .text.HAL_I2C_Master_Transmit  stm32f4xx_hal_i2c.o
    0x08001206   0x08001206   0x00000002   PAD
    0x08001208   0x08001208   0x00000070   Code   RO           80    .text.HAL_I2C_MspInit  i2c.o
    0x08001278   0x08001278   0x0000001a   Code   RO          478    .text.HAL_IncTick   stm32f4xx_hal.o
    0x08001292   0x08001292   0x00000002   PAD
    0x08001294   0x08001294   0x00000036   Code   RO          468    .text.HAL_Init      stm32f4xx_hal.o
    0x080012ca   0x080012ca   0x00000002   PAD
    0x080012cc   0x080012cc   0x00000050   Code   RO          470    .text.HAL_InitTick  stm32f4xx_hal.o
    0x0800131c   0x0800131c   0x00000042   Code   RO          144    .text.HAL_MspInit   stm32f4xx_hal_msp.o
    0x0800135e   0x0800135e   0x00000002   PAD
    0x08001360   0x08001360   0x00000056   Code   RO          418    .text.HAL_NVIC_SetPriority  stm32f4xx_hal_cortex.o
    0x080013b6   0x080013b6   0x00000002   PAD
    0x080013b8   0x080013b8   0x00000020   Code   RO          416    .text.HAL_NVIC_SetPriorityGrouping  stm32f4xx_hal_cortex.o
    0x080013d8   0x080013d8   0x00000160   Code   RO          157    .text.HAL_RCC_ClockConfig  stm32f4xx_hal_rcc.o
    0x08001538   0x08001538   0x00000026   Code   RO          169    .text.HAL_RCC_GetPCLK1Freq  stm32f4xx_hal_rcc.o
    0x0800155e   0x0800155e   0x00000002   PAD
    0x08001560   0x08001560   0x00000026   Code   RO          171    .text.HAL_RCC_GetPCLK2Freq  stm32f4xx_hal_rcc.o
    0x08001586   0x08001586   0x00000002   PAD
    0x08001588   0x08001588   0x0000006a   Code   RO          159    .text.HAL_RCC_GetSysClockFreq  stm32f4xx_hal_rcc.o
    0x080015f2   0x080015f2   0x00000002   PAD
    0x080015f4   0x080015f4   0x00000344   Code   RO          155    .text.HAL_RCC_OscConfig  stm32f4xx_hal_rcc.o
    0x08001938   0x08001938   0x000000b4   Code   RO          709    .text.HAL_SPI_Init  stm32f4xx_hal_spi.o
    0x080019ec   0x080019ec   0x000000aa   Code   RO           95    .text.HAL_SPI_MspInit  spi.o
    0x08001a96   0x08001a96   0x00000002   PAD
    0x08001a98   0x08001a98   0x00000256   Code   RO          721    .text.HAL_SPI_TransmitReceive  stm32f4xx_hal_spi.o
    0x08001cee   0x08001cee   0x00000002   PAD
    0x08001cf0   0x08001cf0   0x0000002c   Code   RO          428    .text.HAL_SYSTICK_Config  stm32f4xx_hal_cortex.o
    0x08001d1c   0x08001d1c   0x00000060   Code   RO          825    .text.HAL_UART_Init  stm32f4xx_hal_uart.o
    0x08001d7c   0x08001d7c   0x00000074   Code   RO          110    .text.HAL_UART_MspInit  usart.o
    0x08001df0   0x08001df0   0x000000ee   Code   RO          841    .text.HAL_UART_Transmit  stm32f4xx_hal_uart.o
    0x08001ede   0x08001ede   0x00000002   PAD
    0x08001ee0   0x08001ee0   0x00000002   Code   RO          125    .text.HardFault_Handler  stm32f4xx_it.o
    0x08001ee2   0x08001ee2   0x00000002   PAD
    0x08001ee4   0x08001ee4   0x000000a4   Code   RO         4551    .text.MFRC522_Anticoll  rc522.o
    0x08001f88   0x08001f88   0x00000278   Code   RO         4545    .text.MFRC522_Init  rc522.o
    0x08002200   0x08002200   0x0000008c   Code   RO         4549    .text.MFRC522_Request  rc522.o
    0x0800228c   0x0800228c   0x000003dc   Code   RO         4547    .text.MFRC522_ToCard  rc522.o
    0x08002668   0x08002668   0x000000d6   Code   RO           55    .text.MX_GPIO_Init  gpio.o
    0x0800273e   0x0800273e   0x00000002   PAD
    0x08002740   0x08002740   0x0000006e   Code   RO           78    .text.MX_I2C2_Init  i2c.o
    0x080027ae   0x080027ae   0x00000002   PAD
    0x080027b0   0x080027b0   0x0000004c   Code   RO           93    .text.MX_SPI2_Init  spi.o
    0x080027fc   0x080027fc   0x0000003c   Code   RO          108    .text.MX_USART3_UART_Init  usart.o
    0x08002838   0x08002838   0x00000002   Code   RO          127    .text.MemManage_Handler  stm32f4xx_it.o
    0x0800283a   0x0800283a   0x00000002   PAD
    0x0800283c   0x0800283c   0x00000002   Code   RO          123    .text.NMI_Handler   stm32f4xx_it.o
    0x0800283e   0x0800283e   0x00000002   PAD
    0x08002840   0x08002840   0x00000198   Code   RO           13    .text.OLED_Display_Task  oled_rtos_task.o
    0x080029d8   0x080029d8   0x0000000a   Code   RO         4516    .text.OLED_GetDisplay  oled_driver.o
    0x080029e2   0x080029e2   0x00000002   PAD
    0x080029e4   0x080029e4   0x00000040   Code   RO         4514    .text.OLED_Init     oled_driver.o
    0x08002a24   0x08002a24   0x00000170   Code   RO           11    .text.OLED_Task_Init  oled_rtos_task.o
    0x08002b94   0x08002b94   0x0000000c   PAD
    0x08002ba0   0x08002ba0   0x00000064   Code   RO         1545    .text.PendSV_Handler  port.o
    0x08002c04   0x08002c04   0x000001e0   Code   RO           28    .text.RC522_Task    rc522_rtos_task.o
    0x08002de4   0x08002de4   0x000000c8   Code   RO           26    .text.RC522_Task_Init  rc522_rtos_task.o
    0x08002eac   0x08002eac   0x000000e0   Code   RO          815    .text.SPI_WaitFlagStateUntilTimeout  stm32f4xx_hal_spi.o
    0x08002f8c   0x08002f8c   0x00000004   PAD
    0x08002f90   0x08002f90   0x00000024   Code   RO         1529    .text.SVC_Handler   port.o
    0x08002fb4   0x08002fb4   0x000000be   Code   RO         4535    .text.SetBitMask    rc522.o
    0x08003072   0x08003072   0x00000002   PAD
    0x08003074   0x08003074   0x00000018   Code   RO          135    .text.SysTick_Handler  stm32f4xx_it.o
    0x0800308c   0x0800308c   0x000000aa   Code   RO           43    .text.SystemClock_Config  main.o
    0x08003136   0x08003136   0x00000002   PAD
    0x08003138   0x08003138   0x00000012   Code   RO          947    .text.SystemInit    system_stm32f4xx.o
    0x0800314a   0x0800314a   0x00000002   PAD
    0x0800314c   0x0800314c   0x000000ea   Code   RO          829    .text.UART_SetConfig  stm32f4xx_hal_uart.o
    0x08003236   0x08003236   0x00000002   PAD
    0x08003238   0x08003238   0x00000002   Code   RO          131    .text.UsageFault_Handler  stm32f4xx_it.o
    0x0800323a   0x0800323a   0x00000002   PAD
    0x0800323c   0x0800323c   0x0000002a   Code   RO           41    .text.main          main.o
    0x08003266   0x08003266   0x00000002   PAD
    0x08003268   0x08003268   0x00000020   Code   RO         1394    .text.osDelay       cmsis_os2.o
    0x08003288   0x08003288   0x00000028   Code   RO         1336    .text.osKernelInitialize  cmsis_os2.o
    0x080032b0   0x080032b0   0x0000003c   Code   RO         1342    .text.osKernelStart  cmsis_os2.o
    0x080032ec   0x080032ec   0x00000086   Code   RO         1448    .text.osMessageQueueGet  cmsis_os2.o
    0x08003372   0x08003372   0x00000002   PAD
    0x08003374   0x08003374   0x000000a0   Code   RO         1444    .text.osMessageQueueNew  cmsis_os2.o
    0x08003414   0x08003414   0x0000008e   Code   RO         1446    .text.osMessageQueuePut  cmsis_os2.o
    0x080034a2   0x080034a2   0x00000002   PAD
    0x080034a4   0x080034a4   0x000000b8   Code   RO         1358    .text.osThreadNew   cmsis_os2.o
    0x0800355c   0x0800355c   0x00000084   Code   RO         1154    .text.prvAddCurrentTaskToDelayedList  tasks.o
    0x080035e0   0x080035e0   0x0000011c   Code   RO         1144    .text.prvAddNewTaskToReadyList  tasks.o
    0x080036fc   0x080036fc   0x0000007c   Code   RO         1281    .text.prvCheckForValidListAndQueue  timers.o
    0x08003778   0x08003778   0x00000096   Code   RO         1178    .text.prvIdleTask   tasks.o
    0x0800380e   0x0800380e   0x00000002   PAD
    0x08003810   0x08003810   0x00000028   Code   RO         1537    .text.prvPortStartFirstTask  port.o
    0x08003838   0x08003838   0x000000ea   Code   RO         1317    .text.prvSampleTimeNow  timers.o
    0x08003922   0x08003922   0x00000002   PAD
    0x08003924   0x08003924   0x00000032   Code   RO         1527    .text.prvTaskExitError  port.o
    0x08003956   0x08003956   0x00000002   PAD
    0x08003958   0x08003958   0x000002b6   Code   RO         1283    .text.prvTimerTask  timers.o
    0x08003c0e   0x08003c0e   0x00000002   PAD
    0x08003c10   0x08003c10   0x00000074   Code   RO         1043    .text.prvUnlockQueue  queue.o
    0x08003c84   0x08003c84   0x000001c6   Code   RO         1497    .text.pvPortMalloc  heap_4.o
    0x08003e4a   0x08003e4a   0x00000002   PAD
    0x08003e4c   0x08003e4c   0x00000028   Code   RO         1525    .text.pxPortInitialiseStack  port.o
    0x08003e74   0x08003e74   0x00000016   Code   RO         1609    .text.u8g2_ClearBuffer  u8g2_buffer.o
    0x08003e8a   0x08003e8a   0x00000002   PAD
    0x08003e8c   0x08003e8c   0x0000001e   Code   RO         1677    .text.u8g2_ClearDisplay  u8g2_cleardisplay.o
    0x08003eaa   0x08003eaa   0x00000002   PAD
    0x08003eac   0x08003eac   0x0000012e   Code   RO         3765    .text.u8g2_DrawHVLine  u8g2_hvline.o
    0x08003fda   0x08003fda   0x00000002   PAD
    0x08003fdc   0x08003fdc   0x00000010   Code   RO         1749    .text.u8g2_DrawStr  u8g2_font.o
    0x08003fec   0x08003fec   0x00000028   Code   RO         1617    .text.u8g2_FirstPage  u8g2_buffer.o
    0x08004014   0x08004014   0x00000084   Code   RO         3794    .text.u8g2_IsIntersection  u8g2_intersection.o
    0x08004098   0x08004098   0x00000044   Code   RO         1619    .text.u8g2_NextPage  u8g2_buffer.o
    0x080040dc   0x080040dc   0x00000012   Code   RO         1611    .text.u8g2_SendBuffer  u8g2_buffer.o
    0x080040ee   0x080040ee   0x00000002   PAD
    0x080040f0   0x080040f0   0x0000001c   Code   RO         1615    .text.u8g2_SetBufferCurrTileRow  u8g2_buffer.o
    0x0800410c   0x0800410c   0x000000e6   Code   RO         1789    .text.u8g2_SetFont  u8g2_font.o
    0x080041f2   0x080041f2   0x00000002   PAD
    0x080041f4   0x080041f4   0x0000000c   Code   RO         1775    .text.u8g2_SetFontPosBaseline  u8g2_font.o
    0x08004200   0x08004200   0x00000050   Code   RO         3899    .text.u8g2_SetupBuffer  u8g2_setup.o
    0x08004250   0x08004250   0x00000046   Code   RO         1696    .text.u8g2_Setup_sh1106_i2c_128x64_noname_f  u8g2_d_setup.o
    0x08004296   0x08004296   0x00000002   PAD
    0x08004298   0x08004298   0x00000020   Code   RO         1727    .text.u8g2_add_vector_x  u8g2_font.o
    0x080042b8   0x080042b8   0x00000020   Code   RO         1725    .text.u8g2_add_vector_y  u8g2_font.o
    0x080042d8   0x080042d8   0x0000001e   Code   RO         3763    .text.u8g2_draw_hv_line_2dir  u8g2_hvline.o
    0x080042f6   0x080042f6   0x00000002   PAD
    0x080042f8   0x080042f8   0x00000014   Code   RO         3921    .text.u8g2_draw_l90_r0  u8g2_setup.o
    0x0800430c   0x0800430c   0x000000da   Code   RO         1751    .text.u8g2_draw_string  u8g2_font.o
    0x080043e6   0x080043e6   0x00000002   PAD
    0x080043e8   0x080043e8   0x00000004   Code   RO         1773    .text.u8g2_font_calc_vref_font  u8g2_font.o
    0x080043ec   0x080043ec   0x000003fe   Code   RO         1733    .text.u8g2_font_decode_glyph  u8g2_font.o
    0x080047ea   0x080047ea   0x00000002   PAD
    0x080047ec   0x080047ec   0x0000008a   Code   RO         1737    .text.u8g2_font_get_glyph_data  u8g2_font.o
    0x08004876   0x08004876   0x00000002   PAD
    0x08004878   0x08004878   0x00000008   Code   RO         1707    .text.u8g2_font_get_word  u8g2_font.o
    0x08004880   0x08004880   0x000000a0   Code   RO         3825    .text.u8g2_ll_hvline_vertical_top_lsb  u8g2_ll_hvline.o
    0x08004920   0x08004920   0x00000010   Code   RO         1686    .text.u8g2_m_16_8_f  u8g2_d_memory.o
    0x08004930   0x08004930   0x00000058   Code   RO         1613    .text.u8g2_send_buffer  u8g2_buffer.o
    0x08004988   0x08004988   0x00000040   Code   RO         3905    .text.u8g2_update_dimension_r0  u8g2_setup.o
    0x080049c8   0x080049c8   0x00000084   Code   RO         3907    .text.u8g2_update_page_win_r0  u8g2_setup.o
    0x08004a4c   0x08004a4c   0x00000028   Code   RO         4231    .text.u8x8_DrawTile  u8x8_display.o
    0x08004a74   0x08004a74   0x0000000c   Code   RO         4237    .text.u8x8_InitDisplay  u8x8_display.o
    0x08004a80   0x08004a80   0x0000000c   Code   RO         4245    .text.u8x8_RefreshDisplay  u8x8_display.o
    0x08004a8c   0x08004a8c   0x0000000c   Code   RO         4239    .text.u8x8_SetPowerSave  u8x8_display.o
    0x08004a98   0x08004a98   0x00000030   Code   RO         4451    .text.u8x8_Setup    u8x8_setup.o
    0x08004ac8   0x08004ac8   0x0000000c   Code   RO         4233    .text.u8x8_SetupMemory  u8x8_display.o
    0x08004ad4   0x08004ad4   0x00000012   Code   RO         4024    .text.u8x8_ascii_next  u8x8_8x8.o
    0x08004ae6   0x08004ae6   0x00000002   PAD
    0x08004ae8   0x08004ae8   0x0000000c   Code   RO         4066    .text.u8x8_byte_EndTransfer  u8x8_byte.o
    0x08004af4   0x08004af4   0x00000016   Code   RO         4062    .text.u8x8_byte_SendByte  u8x8_byte.o
    0x08004b0a   0x08004b0a   0x00000002   PAD
    0x08004b0c   0x08004b0c   0x0000000c   Code   RO         4060    .text.u8x8_byte_SendBytes  u8x8_byte.o
    0x08004b18   0x08004b18   0x0000000c   Code   RO         4064    .text.u8x8_byte_StartTransfer  u8x8_byte.o
    0x08004b24   0x08004b24   0x0000009a   Code   RO         4512    .text.u8x8_byte_stm32_i2c  oled_driver.o
    0x08004bbe   0x08004bbe   0x00000002   PAD
    0x08004bc0   0x08004bc0   0x0000000c   Code   RO         4110    .text.u8x8_cad_EndTransfer  u8x8_cad.o
    0x08004bcc   0x08004bcc   0x0000000c   Code   RO         4102    .text.u8x8_cad_SendArg  u8x8_cad.o
    0x08004bd8   0x08004bd8   0x0000000c   Code   RO         4100    .text.u8x8_cad_SendCmd  u8x8_cad.o
    0x08004be4   0x08004be4   0x0000000c   Code   RO         4106    .text.u8x8_cad_SendData  u8x8_cad.o
    0x08004bf0   0x08004bf0   0x0000007a   Code   RO         4116    .text.u8x8_cad_SendSequence  u8x8_cad.o
    0x08004c6a   0x08004c6a   0x00000002   PAD
    0x08004c6c   0x08004c6c   0x0000000c   Code   RO         4108    .text.u8x8_cad_StartTransfer  u8x8_cad.o
    0x08004c78   0x08004c78   0x000000e8   Code   RO         4136    .text.u8x8_cad_ssd13xx_fast_i2c  u8x8_cad.o
    0x08004d60   0x08004d60   0x00000064   Code   RO         4229    .text.u8x8_d_helper_display_init  u8x8_display.o
    0x08004dc4   0x08004dc4   0x0000000a   Code   RO         4227    .text.u8x8_d_helper_display_setup_memory  u8x8_display.o
    0x08004dce   0x08004dce   0x00000002   PAD
    0x08004dd0   0x08004dd0   0x00000046   Code   RO         4191    .text.u8x8_d_sh1106_128x64_noname  u8x8_d_ssd1306_128x64_noname.o
    0x08004e16   0x08004e16   0x00000002   PAD
    0x08004e18   0x08004e18   0x000000f8   Code   RO         4183    .text.u8x8_d_ssd1306_sh1106_generic  u8x8_d_ssd1306_128x64_noname.o
    0x08004f10   0x08004f10   0x00000008   Code   RO         4397    .text.u8x8_gpio_call  u8x8_gpio.o
    0x08004f18   0x08004f18   0x0000002e   Code   RO         4134    .text.u8x8_i2c_data_transfer  u8x8_cad.o
    0x08004f46   0x08004f46   0x00000002   PAD
    0x08004f48   0x08004f48   0x0000002e   Code   RO         4510    .text.u8x8_stm32_gpio_and_delay  oled_driver.o
    0x08004f76   0x08004f76   0x00000002   PAD
    0x08004f78   0x08004f78   0x00000008   Code   RO         4022    .text.u8x8_utf8_init  u8x8_8x8.o
    0x08004f80   0x08004f80   0x00000024   Code   RO         1007    .text.uxListRemove  list.o
    0x08004fa4   0x08004fa4   0x0000001a   Code   RO         1480    .text.vApplicationGetIdleTaskMemory  cmsis_os2.o
    0x08004fbe   0x08004fbe   0x00000002   PAD
    0x08004fc0   0x08004fc0   0x0000001c   Code   RO         1482    .text.vApplicationGetTimerTaskMemory  cmsis_os2.o
    0x08004fdc   0x08004fdc   0x00000016   Code   RO          999    .text.vListInitialise  list.o
    0x08004ff2   0x08004ff2   0x00000002   PAD
    0x08004ff4   0x08004ff4   0x00000006   Code   RO         1001    .text.vListInitialiseItem  list.o
    0x08004ffa   0x08004ffa   0x00000002   PAD
    0x08004ffc   0x08004ffc   0x0000003a   Code   RO         1005    .text.vListInsert   list.o
    0x08005036   0x08005036   0x00000002   PAD
    0x08005038   0x08005038   0x0000001c   Code   RO         1003    .text.vListInsertEnd  list.o
    0x08005054   0x08005054   0x00000014   Code   RO         1535    .text.vPortEnableVFP  port.o
    0x08005068   0x08005068   0x00000046   Code   RO         1541    .text.vPortEnterCritical  port.o
    0x080050ae   0x080050ae   0x00000002   PAD
    0x080050b0   0x080050b0   0x0000002e   Code   RO         1543    .text.vPortExitCritical  port.o
    0x080050de   0x080050de   0x00000002   PAD
    0x080050e0   0x080050e0   0x000000d2   Code   RO         1499    .text.vPortFree     heap_4.o
    0x080051b2   0x080051b2   0x00000002   PAD
    0x080051b4   0x080051b4   0x00000034   Code   RO         1533    .text.vPortSetupTimerInterrupt  port.o
    0x080051e8   0x080051e8   0x00000062   Code   RO         1549    .text.vPortValidateInterruptPriority  port.o
    0x0800524a   0x0800524a   0x00000002   PAD
    0x0800524c   0x0800524c   0x00000028   Code   RO         1077    .text.vQueueAddToRegistry  queue.o
    0x08005274   0x08005274   0x00000046   Code   RO         1081    .text.vQueueWaitForMessageRestricted  queue.o
    0x080052ba   0x080052ba   0x00000002   PAD
    0x080052bc   0x080052bc   0x000000a6   Code   RO         1158    .text.vTaskDelay    tasks.o
    0x08005362   0x08005362   0x00000002   PAD
    0x08005364   0x08005364   0x0000001a   Code   RO         1208    .text.vTaskInternalSetTimeOutState  tasks.o
    0x0800537e   0x0800537e   0x00000002   PAD
    0x08005380   0x08005380   0x0000000e   Code   RO         1212    .text.vTaskMissedYield  tasks.o
    0x0800538e   0x0800538e   0x00000002   PAD
    0x08005390   0x08005390   0x00000036   Code   RO         1196    .text.vTaskPlaceOnEventList  tasks.o
    0x080053c6   0x080053c6   0x00000002   PAD
    0x080053c8   0x080053c8   0x0000003e   Code   RO         1200    .text.vTaskPlaceOnEventListRestricted  tasks.o
    0x08005406   0x08005406   0x00000002   PAD
    0x08005408   0x08005408   0x000000a4   Code   RO         1176    .text.vTaskStartScheduler  tasks.o
    0x080054ac   0x080054ac   0x00000010   Code   RO         1152    .text.vTaskSuspendAll  tasks.o
    0x080054bc   0x080054bc   0x0000009a   Code   RO         1170    .text.vTaskSwitchContext  tasks.o
    0x08005556   0x08005556   0x00000002   PAD
    0x08005558   0x08005558   0x00000132   Code   RO         1531    .text.xPortStartScheduler  port.o
    0x0800568a   0x0800568a   0x00000002   PAD
    0x0800568c   0x0800568c   0x0000002e   Code   RO         1547    .text.xPortSysTickHandler  port.o
    0x080056ba   0x080056ba   0x00000002   PAD
    0x080056bc   0x080056bc   0x00000086   Code   RO         1021    .text.xQueueGenericCreate  queue.o
    0x08005742   0x08005742   0x00000002   PAD
    0x08005744   0x08005744   0x000000da   Code   RO         1019    .text.xQueueGenericCreateStatic  queue.o
    0x0800581e   0x0800581e   0x00000002   PAD
    0x08005820   0x08005820   0x00000212   Code   RO         1033    .text.xQueueGenericSend  queue.o
    0x08005a32   0x08005a32   0x00000002   PAD
    0x08005a34   0x08005a34   0x0000014e   Code   RO         1045    .text.xQueueGenericSendFromISR  queue.o
    0x08005b82   0x08005b82   0x00000002   PAD
    0x08005b84   0x08005b84   0x000001a8   Code   RO         1049    .text.xQueueReceive  queue.o
    0x08005d2c   0x08005d2c   0x000000c6   Code   RO         1053    .text.xQueueReceiveFromISR  queue.o
    0x08005df2   0x08005df2   0x00000002   PAD
    0x08005df4   0x08005df4   0x0000008e   Code   RO         1210    .text.xTaskCheckForTimeOut  tasks.o
    0x08005e82   0x08005e82   0x00000002   PAD
    0x08005e84   0x08005e84   0x000000dc   Code   RO         1146    .text.xTaskCreate   tasks.o
    0x08005f60   0x08005f60   0x000000e8   Code   RO         1142    .text.xTaskCreateStatic  tasks.o
    0x08006048   0x08006048   0x00000026   Code   RO         1224    .text.xTaskGetSchedulerState  tasks.o
    0x0800606e   0x0800606e   0x00000002   PAD
    0x08006070   0x08006070   0x0000000c   Code   RO         1184    .text.xTaskGetTickCount  tasks.o
    0x0800607c   0x0800607c   0x0000016e   Code   RO         1182    .text.xTaskIncrementTick  tasks.o
    0x080061ea   0x080061ea   0x00000002   PAD
    0x080061ec   0x080061ec   0x00000092   Code   RO         1228    .text.xTaskPriorityDisinherit  tasks.o
    0x0800627e   0x0800627e   0x00000002   PAD
    0x08006280   0x08006280   0x0000008e   Code   RO         1202    .text.xTaskRemoveFromEventList  tasks.o
    0x0800630e   0x0800630e   0x00000002   PAD
    0x08006310   0x08006310   0x00000138   Code   RO         1156    .text.xTaskResumeAll  tasks.o
    0x08006448   0x08006448   0x00000074   Code   RO         1279    .text.xTimerCreateTimerTask  timers.o
    0x080064bc   0x080064bc   0x0000000e   Code   RO         4617    i._is_digit         c_w.l(__printf_wp.o)
    0x080064ca   0x080064ca   0x0000001a   Code   RO         4768    x$fpl$fpinit        fz_wm.l(fpinit.o)
    0x080064e4   0x080064e4   0x00000028   Data   RO         4590    .constdata          c_w.l(_printf_hex_int.o)
    0x0800650c   0x0800650c   0x00000011   Data   RO         4620    .constdata          c_w.l(__printf_flags_wp.o)
    0x0800651d   0x0800651d   0x00000010   Data   RO          952    .rodata.AHBPrescTable  system_stm32f4xx.o
    0x0800652d   0x0800652d   0x00000008   Data   RO          953    .rodata.APBPrescTable  system_stm32f4xx.o
    0x08006535   0x08006535   0x00000020   Data   RO           16    .rodata.str1.1      oled_rtos_task.o
    0x08006555   0x08006555   0x0000008b   Data   RO           30    .rodata.str1.1      rc522_rtos_task.o
    0x080065e0   0x080065e0   0x0000000c   Data   RO         3935    .rodata.u8g2_cb_r0  u8g2_setup.o
    0x080065ec   0x080065ec   0x0000048e   Data   RO         3108    .rodata.u8g2_font_ncenB08_tr  u8g2_fonts.o
    0x08006a7a   0x08006a7a   0x00000007   Data   RO         4208    .rodata.u8x8_d_ssd1306_128x64_noname_flip0_seq  u8x8_d_ssd1306_128x64_noname.o
    0x08006a81   0x08006a81   0x00000007   Data   RO         4209    .rodata.u8x8_d_ssd1306_128x64_noname_flip1_seq  u8x8_d_ssd1306_128x64_noname.o
    0x08006a88   0x08006a88   0x00000035   Data   RO         4197    .rodata.u8x8_d_ssd1306_128x64_noname_init_seq  u8x8_d_ssd1306_128x64_noname.o
    0x08006abd   0x08006abd   0x00000005   Data   RO         4206    .rodata.u8x8_d_ssd1306_128x64_noname_powersave0_seq  u8x8_d_ssd1306_128x64_noname.o
    0x08006ac2   0x08006ac2   0x00000005   Data   RO         4207    .rodata.u8x8_d_ssd1306_128x64_noname_powersave1_seq  u8x8_d_ssd1306_128x64_noname.o
    0x08006ac7   0x08006ac7   0x00000001   PAD
    0x08006ac8   0x08006ac8   0x00000018   Data   RO         4204    .rodata.u8x8_sh1106_128x64_noname_display_info  u8x8_d_ssd1306_128x64_noname.o
    0x08006ae0   0x08006ae0   0x00000020   Data   RO         4829    Region$$Table       anon$$obj.o


    Execution Region RW_IRAM2 (Exec base: 0x10000000, Load base: 0x08006b10, Size: 0x00000000, Max: 0x00010000, ABSOLUTE)

    **** No section assigned to this execution region ****


    Execution Region RW_IRAM1 (Exec base: 0x20000000, Load base: 0x08006b00, Size: 0x00005578, Max: 0x00030000, ABSOLUTE)

    Exec Addr    Load Addr    Size         Type   Attr      Idx    E Section Name        Object

    0x20000000   0x08006b00   0x00000004   Data   RW          951    .data.SystemCoreClock  system_stm32f4xx.o
    0x20000004   0x08006b04   0x00000001   Data   RW          527    .data.uwTickFreq    stm32f4xx_hal.o
    0x20000005   0x08006b05   0x00000003   PAD
    0x20000008   0x08006b08   0x00000004   Data   RW          526    .data.uwTickPrio    stm32f4xx_hal.o
    0x2000000c   0x08006b0c   0x00000004   Data   RW         1553    .data.uxCriticalNesting  port.o
    0x20000010        -       0x00000060   Zero   RW         4694    .bss                c_w.l(libspace.o)
    0x20000070        -       0x00000004   Zero   RW         1484    .bss.KernelState    cmsis_os2.o
    0x20000074        -       0x00000004   Zero   RW           15    .bss.display_rc522_info_queue  oled_rtos_task.o
    0x20000078        -       0x00000054   Zero   RW           84    .bss.hi2c2          i2c.o
    0x200000cc        -       0x00000058   Zero   RW           99    .bss.hspi2          spi.o
    0x20000124        -       0x00000048   Zero   RW          114    .bss.huart3         usart.o
    0x2000016c        -       0x00000004   Zero   RW           17    .bss.oled_task_handle  oled_rtos_task.o
    0x20000170        -       0x000000a0   Zero   RW         1327    .bss.prvCheckForValidListAndQueue.ucStaticTimerQueueStorage  timers.o
    0x20000210        -       0x00000050   Zero   RW         1326    .bss.prvCheckForValidListAndQueue.xStaticTimerQueue  timers.o
    0x20000260        -       0x00000004   Zero   RW         1323    .bss.prvSampleTimeNow.xLastTime  timers.o
    0x20000264        -       0x00000004   Zero   RW         1250    .bss.pxCurrentTCB   tasks.o
    0x20000268        -       0x00000004   Zero   RW         1321    .bss.pxCurrentTimerList  timers.o
    0x2000026c        -       0x00000004   Zero   RW         1258    .bss.pxDelayedTaskList  tasks.o
    0x20000270        -       0x00000004   Zero   RW         1509    .bss.pxEnd          heap_4.o
    0x20000274        -       0x00000004   Zero   RW         1259    .bss.pxOverflowDelayedTaskList  tasks.o
    0x20000278        -       0x00000004   Zero   RW         1322    .bss.pxOverflowTimerList  timers.o
    0x2000027c        -       0x00000460   Zero   RW         1261    .bss.pxReadyTasksLists  tasks.o
    0x200006dc        -       0x00000004   Zero   RW           31    .bss.rc522_task_handle  rc522_rtos_task.o
    0x200006e0        -       0x00000094   Zero   RW         4520    .bss.u8g2           oled_driver.o
    0x20000774        -       0x00000400   Zero   RW         1688    .bss.u8g2_m_16_8_f.buf  u8g2_d_memory.o
    0x20000b74        -       0x00000001   Zero   RW         4519    .bss.u8x8_byte_stm32_i2c.buf_idx  oled_driver.o
    0x20000b75        -       0x00000020   Zero   RW         4518    .bss.u8x8_byte_stm32_i2c.buffer  oled_driver.o
    0x20000b95        -       0x00000001   Zero   RW         4147    .bss.u8x8_cad_ssd13xx_fast_i2c.in_transfer  u8x8_cad.o
    0x20000b96        -       0x00003c00   Zero   RW         1516    .bss.ucHeap         heap_4.o
    0x20004796        -       0x00000001   Zero   RW         1551    .bss.ucMaxSysCallPriority  port.o
    0x20004797   0x08006b10   0x00000001   PAD
    0x20004798        -       0x00000004   Zero   RW         1552    .bss.ulMaxPRIGROUPValue  port.o
    0x2000479c        -       0x00000004   Zero   RW          528    .bss.uwTick         stm32f4xx_hal.o
    0x200047a0        -       0x00000004   Zero   RW         1254    .bss.uxCurrentNumberOfTasks  tasks.o
    0x200047a4        -       0x00000004   Zero   RW         1253    .bss.uxDeletedTasksWaitingCleanUp  tasks.o
    0x200047a8        -       0x00000004   Zero   RW         1256    .bss.uxSchedulerSuspended  tasks.o
    0x200047ac        -       0x00000004   Zero   RW         1251    .bss.uxTaskNumber   tasks.o
    0x200047b0        -       0x00000004   Zero   RW         1262    .bss.uxTopReadyPriority  tasks.o
    0x200047b4        -       0x00000200   Zero   RW         1486    .bss.vApplicationGetIdleTaskMemory.Idle_Stack  cmsis_os2.o
    0x200049b4        -       0x0000005c   Zero   RW         1485    .bss.vApplicationGetIdleTaskMemory.Idle_TCB  cmsis_os2.o
    0x20004a10        -       0x00000400   Zero   RW         1488    .bss.vApplicationGetTimerTaskMemory.Timer_Stack  cmsis_os2.o
    0x20004e10        -       0x0000005c   Zero   RW         1487    .bss.vApplicationGetTimerTaskMemory.Timer_TCB  cmsis_os2.o
    0x20004e6c        -       0x00000014   Zero   RW         1324    .bss.xActiveTimerList1  timers.o
    0x20004e80        -       0x00000014   Zero   RW         1325    .bss.xActiveTimerList2  timers.o
    0x20004e94        -       0x00000001   Zero   RW         1510    .bss.xBlockAllocatedBit  heap_4.o
    0x20004e95   0x08006b10   0x00000003   PAD
    0x20004e98        -       0x00000014   Zero   RW         1269    .bss.xDelayedTaskList1  tasks.o
    0x20004eac        -       0x00000014   Zero   RW         1270    .bss.xDelayedTaskList2  tasks.o
    0x20004ec0        -       0x00000004   Zero   RW         1511    .bss.xFreeBytesRemaining  heap_4.o
    0x20004ec4        -       0x00000004   Zero   RW         1264    .bss.xIdleTaskHandle  tasks.o
    0x20004ec8        -       0x00000004   Zero   RW         1513    .bss.xMinimumEverFreeBytesRemaining  heap_4.o
    0x20004ecc        -       0x00000004   Zero   RW         1265    .bss.xNextTaskUnblockTime  tasks.o
    0x20004ed0        -       0x00000004   Zero   RW         1268    .bss.xNumOfOverflows  tasks.o
    0x20004ed4        -       0x00000004   Zero   RW         1514    .bss.xNumberOfSuccessfulAllocations  heap_4.o
    0x20004ed8        -       0x00000004   Zero   RW         1515    .bss.xNumberOfSuccessfulFrees  heap_4.o
    0x20004edc        -       0x00000004   Zero   RW         1267    .bss.xPendedTicks   tasks.o
    0x20004ee0        -       0x00000014   Zero   RW         1263    .bss.xPendingReadyList  tasks.o
    0x20004ef4        -       0x00000040   Zero   RW         1083    .bss.xQueueRegistry  queue.o
    0x20004f34        -       0x00000004   Zero   RW         1255    .bss.xSchedulerRunning  tasks.o
    0x20004f38        -       0x00000008   Zero   RW         1512    .bss.xStart         heap_4.o
    0x20004f40        -       0x00000014   Zero   RW         1260    .bss.xSuspendedTaskList  tasks.o
    0x20004f54        -       0x00000014   Zero   RW         1252    .bss.xTasksWaitingTermination  tasks.o
    0x20004f68        -       0x00000004   Zero   RW         1257    .bss.xTickCount     tasks.o
    0x20004f6c        -       0x00000004   Zero   RW         1319    .bss.xTimerQueue    timers.o
    0x20004f70        -       0x00000004   Zero   RW         1320    .bss.xTimerTaskHandle  timers.o
    0x20004f74        -       0x00000004   Zero   RW         1266    .bss.xYieldPending  tasks.o
    0x20004f78        -       0x00000200   Zero   RW            2    HEAP                startup_stm32f429xx.o
    0x20005178        -       0x00000400   Zero   RW            1    STACK               startup_stm32f429xx.o


==============================================================================

Image component sizes


      Code (inc. data)   RO Data    RW Data    ZI Data      Debug   Object Name

       806          0          0          0       1724      43393   cmsis_os2.o
       214          0          0          0          0       2314   gpio.o
       664          0          0          0      15389       5076   heap_4.o
       222          0          0          0         84       5349   i2c.o
       150          0          0          0          0       2260   list.o
       218          0          0          0          0       3234   main.o
       274         14          0          0        181       6393   oled_driver.o
       776        248         32          0          8       8427   oled_rtos_task.o
       904         16          0          4          5       4111   port.o
      2064          0          0          0         64      24847   queue.o
      2304          0          0          0          0      16231   rc522.o
       680        156        139          0          4       4350   rc522_rtos_task.o
       246          0          0          0         88       5218   spi.o
        64         26        428          0       1536        884   startup_stm32f429xx.o
       212          0          0          5          4       7726   stm32f4xx_hal.o
       162          0          0          0          0      10995   stm32f4xx_hal_cortex.o
       426          0          0          0          0       5142   stm32f4xx_hal_gpio.o
      1402          0          0          0          0      47500   stm32f4xx_hal_i2c.o
       124          0          0          0          0       4155   stm32f4xx_hal_i2c_ex.o
        66          0          0          0          0       3773   stm32f4xx_hal_msp.o
      1370          0          0          0          0       7468   stm32f4xx_hal_rcc.o
      1002          0          0          0          0      23032   stm32f4xx_hal_spi.o
       568          0          0          0          0      26289   stm32f4xx_hal_uart.o
        36          0          0          0          0       1201   stm32f4xx_it.o
        18          0         24          4          0       2668   system_stm32f4xx.o
      2832          8          0          0       1280      37481   tasks.o
      1168         26          0          0        300      16917   timers.o
       264          0          0          0          0       8068   u8g2_buffer.o
        30          0          0          0          0       4437   u8g2_cleardisplay.o
        16          0          0          0       1024        740   u8g2_d_memory.o
        70          0          0          0          0       4617   u8g2_d_setup.o
      1712         12          0          0          0      41713   u8g2_font.o
         0          0       1166          0          0     103580   u8g2_fonts.o
       332          0          0          0          0       8181   u8g2_hvline.o
       132          0          0          0          0       5239   u8g2_intersection.o
       160          0          0          0          0       5872   u8g2_ll_hvline.o
       296          0         12          0          0      12727   u8g2_setup.o
        26          0          0          0          0      10874   u8x8_8x8.o
        58          0          0          0          0      10998   u8x8_byte.o
       460          6          0          0          1      13980   u8x8_cad.o
       318          6        101          0          0       6818   u8x8_d_ssd1306_128x64_noname.o
       198          0          0          0          0       4887   u8x8_display.o
         8          0          0          0          0       2110   u8x8_gpio.o
        48          0          0          0          0       3086   u8x8_setup.o
       176          0          0          0         72       5131   usart.o

    ----------------------------------------------------------------------
     23452        530       1935         16      21768     579492   Object Totals
         0          0         32          0          0          0   (incl. Generated)
       176         12          1          3          4          0   (incl. Padding)

    ----------------------------------------------------------------------

      Code (inc. data)   RO Data    RW Data    ZI Data      Debug   Library Member Name

         8          0          0          0          0         68   __main.o
       312          4         17          0          0         92   __printf_flags_wp.o
        14          0          0          0          0         68   __printf_wp.o
         0          0          0          0          0          0   __rtentry.o
        12          0          0          0          0          0   __rtentry2.o
         6          0          0          0          0          0   __rtentry4.o
        52          8          0          0          0          0   __scatter.o
        26          0          0          0          0          0   __scatter_copy.o
        28          0          0          0          0          0   __scatter_zi.o
        48          6          0          0          0         96   _printf_char_common.o
         6          0          0          0          0          0   _printf_d.o
       120         16          0          0          0         92   _printf_dec.o
        88          4         40          0          0         88   _printf_hex_int.o
       178          0          0          0          0         88   _printf_intcommon.o
        78          0          0          0          0        108   _printf_pad.o
         0          0          0          0          0          0   _printf_percent.o
         4          0          0          0          0          0   _printf_percent_end.o
         6          0          0          0          0          0   _printf_x.o
        16          0          0          0          0         68   _snputc.o
        16          0          0          0          0         68   aeabi_memset4.o
        18          0          0          0          0         80   exit.o
         6          0          0          0          0        152   heapauxi.o
         0          0          0          0          0          0   indicate_semi.o
         2          0          0          0          0          0   libinit.o
         6          0          0          0          0          0   libinit2.o
         2          0          0          0          0          0   libshutdown.o
         2          0          0          0          0          0   libshutdown2.o
         8          4          0          0         96         68   libspace.o
       240          0          0          0          0        100   lludivv7m.o
        64          6          0          0          0         84   noretval__2snprintf.o
        68          0          0          0          0         68   rt_memclr.o
        78          0          0          0          0         80   rt_memclr_w.o
       138          0          0          0          0         68   rt_memcpy_v6.o
       100          0          0          0          0         80   rt_memcpy_w.o
         2          0          0          0          0          0   rtexit.o
        10          0          0          0          0          0   rtexit2.o
        62          0          0          0          0         76   strlen.o
        12          4          0          0          0         68   sys_exit.o
        74          0          0          0          0         80   sys_stackheap_outer.o
         2          0          0          0          0         68   use_no_semi.o
        26          0          0          0          0        116   fpinit.o

    ----------------------------------------------------------------------
      1948         52         57          0         96       2024   Library Totals
        10          0          0          0          0          0   (incl. Padding)

    ----------------------------------------------------------------------

      Code (inc. data)   RO Data    RW Data    ZI Data      Debug   Library Name

      1912         52         57          0         96       1908   c_w.l
        26          0          0          0          0        116   fz_wm.l

    ----------------------------------------------------------------------
      1948         52         57          0         96       2024   Library Totals

    ----------------------------------------------------------------------

==============================================================================


      Code (inc. data)   RO Data    RW Data    ZI Data      Debug   

     25400        582       1992         16      21864     579688   Grand Totals
     25400        582       1992         16      21864     579688   ELF Image Totals
     25400        582       1992         16          0          0   ROM Totals

==============================================================================

    Total RO  Size (Code + RO Data)                27392 (  26.75kB)
    Total RW  Size (RW Data + ZI Data)             21880 (  21.37kB)
    Total ROM Size (Code + RO Data + RW Data)      27408 (  26.77kB)

==============================================================================

